Component: ARM Compiler 5.06 update 6 (build 750) Tool: armlink [4d35ed]

==============================================================================

Section Cross References

    startup_stm32l073xx.o(RESET) refers to startup_stm32l073xx.o(STACK) for __initial_sp
    startup_stm32l073xx.o(RESET) refers to startup_stm32l073xx.o(.text) for Reset_Handler
    startup_stm32l073xx.o(RESET) refers to stm32l0xx_it.o(i.NMI_Handler) for NMI_Handler
    startup_stm32l073xx.o(RESET) refers to stm32l0xx_it.o(i.HardFault_Handler) for HardFault_Handler
    startup_stm32l073xx.o(RESET) refers to port.o(i.SVC_Handler) for SVC_Handler
    startup_stm32l073xx.o(RESET) refers to port.o(.emb_text) for PendSV_Handler
    startup_stm32l073xx.o(RESET) refers to stm32l0xx_it.o(i.SysTick_Handler) for SysTick_Handler
    startup_stm32l073xx.o(RESET) refers to stm32l0xx_it.o(i.RTC_IRQHandler) for RTC_IRQHandler
    startup_stm32l073xx.o(RESET) refers to stm32l0xx_it.o(i.USART4_5_IRQHandler) for USART4_5_IRQHandler
    startup_stm32l073xx.o(.text) refers to system_stm32l0xx.o(i.SystemInit) for SystemInit
    startup_stm32l073xx.o(.text) refers to entry.o(.ARM.Collect$$$$00000000) for __main
    main.o(i.SystemClock_Config) refers to memseta.o(.text) for __aeabi_memclr4
    main.o(i.SystemClock_Config) refers to stm32l0xx_hal_pwr.o(i.HAL_PWR_EnableBkUpAccess) for HAL_PWR_EnableBkUpAccess
    main.o(i.SystemClock_Config) refers to stm32l0xx_hal_rcc.o(i.HAL_RCC_OscConfig) for HAL_RCC_OscConfig
    main.o(i.SystemClock_Config) refers to stm32l0xx_hal_rcc.o(i.HAL_RCC_ClockConfig) for HAL_RCC_ClockConfig
    main.o(i.SystemClock_Config) refers to stm32l0xx_hal_rcc_ex.o(i.HAL_RCCEx_PeriphCLKConfig) for HAL_RCCEx_PeriphCLKConfig
    main.o(i.main) refers to stm32l0xx_hal.o(i.HAL_Init) for HAL_Init
    main.o(i.main) refers to main.o(i.SystemClock_Config) for SystemClock_Config
    main.o(i.main) refers to gpio.o(i.MX_GPIO_Init) for MX_GPIO_Init
    main.o(i.main) refers to rtc.o(i.MX_RTC_Init) for MX_RTC_Init
    main.o(i.main) refers to usart.o(i.MX_USART5_UART_Init) for MX_USART5_UART_Init
    main.o(i.main) refers to freertos.o(i.MX_FREERTOS_Init) for MX_FREERTOS_Init
    main.o(i.main) refers to cmsis_os.o(i.osKernelStart) for osKernelStart
    freertos.o(i.MX_FREERTOS_Init) refers to memseta.o(.text) for __aeabi_memclr
    freertos.o(i.MX_FREERTOS_Init) refers to queue.o(i.xQueueGenericCreate) for xQueueGenericCreate
    freertos.o(i.MX_FREERTOS_Init) refers to memcpya.o(.text) for __aeabi_memcpy4
    freertos.o(i.MX_FREERTOS_Init) refers to cmsis_os.o(i.osThreadCreate) for osThreadCreate
    freertos.o(i.MX_FREERTOS_Init) refers to usart.o(.bss) for USARTData
    freertos.o(i.MX_FREERTOS_Init) refers to freertos.o(.data) for .data
    freertos.o(i.MX_FREERTOS_Init) refers to freertos.o(.constdata) for .constdata
    freertos.o(i.StartDefaultTask) refers to cmsis_os.o(i.osDelay) for osDelay
    freertos.o(i.vApplicationGetIdleTaskMemory) refers to freertos.o(.bss) for .bss
    freertos.o(.constdata) refers to freertos.o(.conststring) for .conststring
    freertos.o(.constdata) refers to freertos.o(i.StartDefaultTask) for StartDefaultTask
    rtc.o(i.HAL_RTC_MspDeInit) refers to stm32l0xx_hal_cortex.o(i.HAL_NVIC_DisableIRQ) for HAL_NVIC_DisableIRQ
    rtc.o(i.HAL_RTC_MspInit) refers to stm32l0xx_hal_cortex.o(i.HAL_NVIC_SetPriority) for HAL_NVIC_SetPriority
    rtc.o(i.HAL_RTC_MspInit) refers to stm32l0xx_hal_cortex.o(i.HAL_NVIC_EnableIRQ) for HAL_NVIC_EnableIRQ
    rtc.o(i.MX_RTC_Init) refers to memseta.o(.text) for __aeabi_memclr4
    rtc.o(i.MX_RTC_Init) refers to stm32l0xx_hal_rtc.o(i.HAL_RTC_Init) for HAL_RTC_Init
    rtc.o(i.MX_RTC_Init) refers to main.o(i.Error_Handler) for Error_Handler
    rtc.o(i.MX_RTC_Init) refers to stm32l0xx_hal_rtc.o(i.HAL_RTC_SetTime) for HAL_RTC_SetTime
    rtc.o(i.MX_RTC_Init) refers to stm32l0xx_hal_rtc.o(i.HAL_RTC_SetDate) for HAL_RTC_SetDate
    rtc.o(i.MX_RTC_Init) refers to stm32l0xx_hal_rtc_ex.o(i.HAL_RTCEx_SetWakeUpTimer_IT) for HAL_RTCEx_SetWakeUpTimer_IT
    rtc.o(i.MX_RTC_Init) refers to rtc.o(.bss) for .bss
    rtc.o(i.RTC_Get_UserTime) refers to memseta.o(.text) for __aeabi_memclr4
    rtc.o(i.RTC_Get_UserTime) refers to stm32l0xx_hal_rtc.o(i.HAL_RTC_GetDate) for HAL_RTC_GetDate
    rtc.o(i.RTC_Get_UserTime) refers to stm32l0xx_hal_rtc.o(i.HAL_RTC_GetTime) for HAL_RTC_GetTime
    rtc.o(i.RTC_Get_UserTime) refers to printfa.o(i.__0sprintf) for __2sprintf
    rtc.o(i.RTC_Get_UserTime) refers to rtc.o(.bss) for .bss
    rtc.o(i.RTC_Process_Task) refers to uread4.o(.text) for __aeabi_uread4
    rtc.o(i.RTC_Process_Task) refers to memseta.o(.text) for __aeabi_memclr4
    rtc.o(i.RTC_Process_Task) refers to uwrite4.o(.text) for __aeabi_uwrite4
    rtc.o(i.RTC_Process_Task) refers to rtc.o(i.RTC_Get_UserTime) for RTC_Get_UserTime
    rtc.o(i.RTC_Process_Task) refers to printfa.o(i.__0printf) for __2printf
    rtc.o(i.RTC_Process_Task) refers to rtc.o(.data) for .data
[...]
    Removing event_groups.o(i.prvTestWaitCondition), (22 bytes).
    Removing event_groups.o(i.vEventGroupClearBitsCallback), (8 bytes).
    Removing event_groups.o(i.vEventGroupDelete), (60 bytes).
    Removing event_groups.o(i.vEventGroupSetBitsCallback), (8 bytes).
    Removing event_groups.o(i.xEventGroupClearBits), (40 bytes).
    Removing event_groups.o(i.xEventGroupCreate), (28 bytes).
    Removing event_groups.o(i.xEventGroupCreateStatic), (34 bytes).
    Removing event_groups.o(i.xEventGroupGetBitsFromISR), (18 bytes).
    Removing event_groups.o(i.xEventGroupSetBits), (116 bytes).
    Removing event_groups.o(i.xEventGroupSync), (164 bytes).
    Removing event_groups.o(i.xEventGroupWaitBits), (204 bytes).
    Removing queue.o(i.pcQueueGetName), (40 bytes).
    Removing queue.o(i.prvCopyDataFromQueue), (38 bytes).
    Removing queue.o(i.prvCopyDataToQueue), (112 bytes).
    Removing queue.o(i.prvInitialiseMutex), (24 bytes).
    Removing queue.o(i.prvIsQueueEmpty), (28 bytes).
    Removing queue.o(i.prvUnlockQueue), (112 bytes).
    Removing queue.o(i.uxQueueMessagesWaiting), (24 bytes).
    Removing queue.o(i.uxQueueMessagesWaitingFromISR), (12 bytes).
    Removing queue.o(i.uxQueueSpacesAvailable), (28 bytes).
    Removing queue.o(i.vQueueAddToRegistry), (36 bytes).
    Removing queue.o(i.vQueueDelete), (30 bytes).
    Removing queue.o(i.vQueueUnregisterQueue), (40 bytes).
    Removing queue.o(i.xQueueCreateMutex), (22 bytes).
    Removing queue.o(i.xQueueCreateMutexStatic), (26 bytes).
    Removing queue.o(i.xQueueGenericCreateStatic), (64 bytes).
    Removing queue.o(i.xQueueGenericSend), (280 bytes).
    Removing queue.o(i.xQueueGenericSendFromISR), (140 bytes).
    Removing queue.o(i.xQueueGiveFromISR), (116 bytes).
    Removing queue.o(i.xQueueIsQueueEmptyFromISR), (22 bytes).
    Removing queue.o(i.xQueueIsQueueFullFromISR), (24 bytes).
    Removing queue.o(i.xQueuePeek), (258 bytes).
    Removing queue.o(i.xQueuePeekFromISR), (76 bytes).
    Removing queue.o(i.xQueueReceive), (258 bytes).
    Removing queue.o(i.xQueueReceiveFromISR), (120 bytes).
    Removing queue.o(i.xQueueSemaphoreTake), (320 bytes).
    Removing queue.o(.bss), (64 bytes).
    Removing stream_buffer.o(i.prvBytesInBuffer), (18 bytes).
    Removing stream_buffer.o(i.prvInitialiseNewStreamBuffer), (56 bytes).
    Removing stream_buffer.o(i.prvReadBytesFromBuffer), (106 bytes).
    Removing stream_buffer.o(i.prvReadMessageFromBuffer), (66 bytes).
    Removing stream_buffer.o(i.prvWriteBytesToBuffer), (88 bytes).
    Removing stream_buffer.o(i.prvWriteMessageToBuffer), (62 bytes).
    Removing stream_buffer.o(i.vStreamBufferDelete), (30 bytes).
    Removing stream_buffer.o(i.xStreamBufferBytesAvailable), (16 bytes).
    Removing stream_buffer.o(i.xStreamBufferGenericCreate), (60 bytes).
    Removing stream_buffer.o(i.xStreamBufferGenericCreateStatic), (68 bytes).
    Removing stream_buffer.o(i.xStreamBufferIsEmpty), (24 bytes).
    Removing stream_buffer.o(i.xStreamBufferIsFull), (38 bytes).
    Removing stream_buffer.o(i.xStreamBufferReceive), (172 bytes).
    Removing stream_buffer.o(i.xStreamBufferReceiveCompletedFromISR), (58 bytes).
    Removing stream_buffer.o(i.xStreamBufferReceiveFromISR), (110 bytes).
    Removing stream_buffer.o(i.xStreamBufferReset), (52 bytes).
    Removing stream_buffer.o(i.xStreamBufferSend), (198 bytes).
    Removing stream_buffer.o(i.xStreamBufferSendCompletedFromISR), (58 bytes).
    Removing stream_buffer.o(i.xStreamBufferSendFromISR), (110 bytes).
    Removing stream_buffer.o(i.xStreamBufferSetTriggerLevel), (32 bytes).
    Removing stream_buffer.o(i.xStreamBufferSpacesAvailable), (28 bytes).
    Removing tasks.o(i.pcTaskGetName), (24 bytes).
    Removing tasks.o(i.prvTaskIsTaskSuspended), (44 bytes).
    Removing tasks.o(i.pvTaskIncrementMutexHeldCount), (24 bytes).
    Removing tasks.o(i.ulTaskNotifyTake), (96 bytes).
    Removing tasks.o(i.uxTaskGetNumberOfTasks), (12 bytes).
    Removing tasks.o(i.uxTaskPriorityGet), (32 bytes).
    Removing tasks.o(i.uxTaskPriorityGetFromISR), (32 bytes).
    Removing tasks.o(i.uxTaskResetEventItemValue), (24 bytes).
    Removing tasks.o(i.vTaskDelete), (120 bytes).
    Removing tasks.o(i.vTaskEndScheduler), (20 bytes).
    Removing tasks.o(i.vTaskInternalSetTimeOutState), (16 bytes).
    Removing tasks.o(i.vTaskMissedYield), (12 bytes).
    Removing tasks.o(i.vTaskNotifyGiveFromISR), (140 bytes).
    Removing tasks.o(i.vTaskPlaceOnEventList), (36 bytes).
    Removing tasks.o(i.vTaskPlaceOnUnorderedEventList), (60 bytes).
    Removing tasks.o(i.vTaskPriorityDisinheritAfterTimeout), (112 bytes).
    Removing tasks.o(i.vTaskPrioritySet), (148 bytes).
    Removing tasks.o(i.vTaskRemoveFromUnorderedEventList), (92 bytes).
    Removing tasks.o(i.vTaskResume), (92 bytes).
    Removing tasks.o(i.vTaskSetTimeOutState), (36 bytes).
    Removing tasks.o(i.vTaskSuspend), (136 bytes).
    Removing tasks.o(i.xTaskCheckForTimeOut), (92 bytes).
    Removing tasks.o(i.xTaskGenericNotify), (164 bytes).
    Removing tasks.o(i.xTaskGenericNotifyFromISR), (196 bytes).
    Removing tasks.o(i.xTaskGetCurrentTaskHandle), (12 bytes).
    Removing tasks.o(i.xTaskGetTickCount), (12 bytes).
    Removing tasks.o(i.xTaskGetTickCountFromISR), (12 bytes).
    Removing tasks.o(i.xTaskNotifyStateClear), (48 bytes).
    Removing tasks.o(i.xTaskNotifyWait), (124 bytes).
    Removing tasks.o(i.xTaskPriorityDisinherit), (104 bytes).
    Removing tasks.o(i.xTaskPriorityInherit), (120 bytes).
    Removing tasks.o(i.xTaskResumeFromISR), (108 bytes).
    Removing cmsis_os.o(.rev16_text), (4 bytes).
    Removing cmsis_os.o(.revsh_text), (4 bytes).
    Removing cmsis_os.o(i.inHandlerMode), (12 bytes).
    Removing cmsis_os.o(i.makeCmsisPriority), (14 bytes).
    Removing cmsis_os.o(i.osAbortDelay), (4 bytes).
    Removing cmsis_os.o(i.osDelayUntil), (4 bytes).
    Removing cmsis_os.o(i.osKernelRunning), (18 bytes).
    Removing cmsis_os.o(i.osKernelSysTick), (22 bytes).
    Removing cmsis_os.o(i.osMailAlloc), (14 bytes).
    Removing cmsis_os.o(i.osMailCAlloc), (32 bytes).
    Removing cmsis_os.o(i.osMailCreate), (92 bytes).
    Removing cmsis_os.o(i.osMailFree), (18 bytes).
    Removing cmsis_os.o(i.osMailGet), (136 bytes).
    Removing cmsis_os.o(i.osMailPut), (88 bytes).
    Removing cmsis_os.o(i.osMessageAvailableSpace), (8 bytes).
    Removing cmsis_os.o(i.osMessageCreate), (40 bytes).
    Removing cmsis_os.o(i.osMessageDelete), (26 bytes).
    Removing cmsis_os.o(i.osMessageGet), (140 bytes).
    Removing cmsis_os.o(i.osMessagePeek), (76 bytes).
    Removing cmsis_os.o(i.osMessagePut), (88 bytes).
    Removing cmsis_os.o(i.osMessageWaiting), (26 bytes).
    Removing cmsis_os.o(i.osMutexCreate), (24 bytes).
    Removing cmsis_os.o(i.osMutexDelete), (26 bytes).
    Removing cmsis_os.o(i.osMutexRelease), (76 bytes).
    Removing cmsis_os.o(i.osMutexWait), (100 bytes).
    Removing cmsis_os.o(i.osPoolAlloc), (100 bytes).
    Removing cmsis_os.o(i.osPoolCAlloc), (20 bytes).
    Removing cmsis_os.o(i.osPoolCreate), (94 bytes).
    Removing cmsis_os.o(i.osPoolFree), (48 bytes).
    Removing cmsis_os.o(i.osRecursiveMutexCreate), (4 bytes).
    Removing cmsis_os.o(i.osRecursiveMutexRelease), (4 bytes).
    Removing cmsis_os.o(i.osRecursiveMutexWait), (4 bytes).
    Removing cmsis_os.o(i.osSemaphoreCreate), (64 bytes).
    Removing cmsis_os.o(i.osSemaphoreDelete), (26 bytes).
    Removing cmsis_os.o(i.osSemaphoreGetCount), (8 bytes).
    Removing cmsis_os.o(i.osSemaphoreRelease), (76 bytes).
    Removing cmsis_os.o(i.osSemaphoreWait), (100 bytes).
    Removing cmsis_os.o(i.osSignalSet), (88 bytes).
    Removing cmsis_os.o(i.osSignalWait), (90 bytes).
    Removing cmsis_os.o(i.osSystickHandler), (16 bytes).
    Removing cmsis_os.o(i.osThreadGetId), (8 bytes).
    Removing cmsis_os.o(i.osThreadGetPriority), (30 bytes).
    Removing cmsis_os.o(i.osThreadList), (4 bytes).
    Removing cmsis_os.o(i.osThreadResume), (44 bytes).
    Removing cmsis_os.o(i.osThreadResumeAll), (18 bytes).
    Removing cmsis_os.o(i.osThreadSetPriority), (22 bytes).
    Removing cmsis_os.o(i.osThreadSuspend), (10 bytes).
    Removing cmsis_os.o(i.osThreadSuspendAll), (10 bytes).
    Removing cmsis_os.o(i.osThreadTerminate), (10 bytes).
    Removing cmsis_os.o(i.osThreadYield), (10 bytes).
    Removing cmsis_os.o(i.osTimerCreate), (4 bytes).
    Removing cmsis_os.o(i.osTimerDelete), (4 bytes).
    Removing cmsis_os.o(i.osTimerStart), (4 bytes).
    Removing cmsis_os.o(i.osTimerStop), (4 bytes).
    Removing heap_4.o(i.vPortInitialiseBlocks), (2 bytes).
    Removing heap_4.o(i.xPortGetFreeHeapSize), (12 bytes).
    Removing heap_4.o(i.xPortGetMinimumEverFreeHeapSize), (12 bytes).
    Removing port.o(i.vPortEndScheduler), (24 bytes).

535 unused section(s) (total 36308 bytes) removed from the image.

==============================================================================

Image Symbol Table

    Local Symbols

    Symbol Name                              Value     Ov Type        Size  Object(Section)

    ../Drivers/STM32L0xx_HAL_Driver/Src/stm32l0xx_hal.c 0x00000000   Number         0  stm32l0xx_hal.o ABSOLUTE
    ../Drivers/STM32L0xx_HAL_Driver/Src/stm32l0xx_hal_cortex.c 0x00000000   Number         0  stm32l0xx_hal_cortex.o ABSOLUTE
    ../Drivers/STM32L0xx_HAL_Driver/Src/stm32l0xx_hal_dma.c 0x00000000   Number         0  stm32l0xx_hal_dma.o ABSOLUTE
    ../Drivers/STM32L0xx_HAL_Driver/Src/stm32l0xx_hal_flash.c 0x00000000   Number         0  stm32l0xx_hal_flash.o ABSOLUTE
    ../Drivers/STM32L0xx_HAL_Driver/Src/stm32l0xx_hal_flash_ex.c 0x00000000   Number         0  stm32l0xx_hal_flash_ex.o ABSOLUTE
    ../Drivers/STM32L0xx_HAL_Driver/Src/stm32l0xx_hal_flash_ramfunc.c 0x00000000   Number         0  stm32l0xx_hal_flash_ramfunc.o ABSOLUTE
    ../Drivers/STM32L0xx_HAL_Driver/Src/stm32l0xx_hal_gpio.c 0x00000000   Number         0  stm32l0xx_hal_gpio.o ABSOLUTE
    ../Drivers/STM32L0xx_HAL_Driver/Src/stm32l0xx_hal_i2c.c 0x00000000   Number         0  stm32l0xx_hal_i2c.o ABSOLUTE
    ../Drivers/STM32L0xx_HAL_Driver/Src/stm32l0xx_hal_i2c_ex.c 0x00000000   Number         0  stm32l0xx_hal_i2c_ex.o ABSOLUTE
    ../Drivers/STM32L0xx_HAL_Driver/Src/stm32l0xx_hal_pwr.c 0x00000000   Number         0  stm32l0xx_hal_pwr.o ABSOLUTE
    ../Drivers/STM32L0xx_HAL_Driver/Src/stm32l0xx_hal_pwr_ex.c 0x00000000   Number         0  stm32l0xx_hal_pwr_ex.o ABSOLUTE
    ../Drivers/STM32L0xx_HAL_Driver/Src/stm32l0xx_hal_rcc.c 0x00000000   Number         0  stm32l0xx_hal_rcc.o ABSOLUTE
    ../Drivers/STM32L0xx_HAL_Driver/Src/stm32l0xx_hal_rcc_ex.c 0x00000000   Number         0  stm32l0xx_hal_rcc_ex.o ABSOLUTE
    ../Drivers/STM32L0xx_HAL_Driver/Src/stm32l0xx_hal_rtc.c 0x00000000   Number         0  stm32l0xx_hal_rtc.o ABSOLUTE
    ../Drivers/STM32L0xx_HAL_Driver/Src/stm32l0xx_hal_rtc_ex.c 0x00000000   Number         0  stm32l0xx_hal_rtc_ex.o ABSOLUTE
    ../Drivers/STM32L0xx_HAL_Driver/Src/stm32l0xx_hal_tim.c 0x00000000   Number         0  stm32l0xx_hal_tim.o ABSOLUTE
    ../Drivers/STM32L0xx_HAL_Driver/Src/stm32l0xx_hal_tim_ex.c 0x00000000   Number         0  stm32l0xx_hal_tim_ex.o ABSOLUTE
    ../Drivers/STM32L0xx_HAL_Driver/Src/stm32l0xx_hal_uart.c 0x00000000   Number         0  stm32l0xx_hal_uart.o ABSOLUTE
    ../Drivers/STM32L0xx_HAL_Driver/Src/stm32l0xx_hal_uart_ex.c 0x00000000   Number         0  stm32l0xx_hal_uart_ex.o ABSOLUTE
    ../Middlewares/Third_Party/FreeRTOS/Source/CMSIS_RTOS/cmsis_os.c 0x00000000   Number         0  cmsis_os.o ABSOLUTE
    ../Middlewares/Third_Party/FreeRTOS/Source/croutine.c 0x00000000   Number         0  croutine.o ABSOLUTE
    ../Middlewares/Third_Party/FreeRTOS/Source/event_groups.c 0x00000000   Number         0  event_groups.o ABSOLUTE
    ../Middlewares/Third_Party/FreeRTOS/Source/list.c 0x00000000   Number         0  list.o ABSOLUTE
    ../Middlewares/Third_Party/FreeRTOS/Source/portable/MemMang/heap_4.c 0x00000000   Number         0  heap_4.o ABSOLUTE
    ../Middlewares/Third_Party/FreeRTOS/Source/portable/RVDS/ARM_CM0/port.c 0x00000000   Number         0  port.o ABSOLUTE
    ../Middlewares/Third_Party/FreeRTOS/Source/queue.c 0x00000000   Number         0  queue.o ABSOLUTE
    ../Middlewares/Third_Party/FreeRTOS/Source/stream_buffer.c 0x00000000   Number         0  stream_buffer.o ABSOLUTE
    ../Middlewares/Third_Party/FreeRTOS/Source/tasks.c 0x00000000   Number         0  tasks.o ABSOLUTE
    ../Middlewares/Third_Party/FreeRTOS/Source/timers.c 0x00000000   Number         0  timers.o ABSOLUTE
    ../Src/freertos.c                        0x00000000   Number         0  freertos.o ABSOLUTE
    ../Src/gpio.c                            0x00000000   Number         0  gpio.o ABSOLUTE
    ../Src/main.c                            0x00000000   Number         0  main.o ABSOLUTE
    ../Src/rtc.c                             0x00000000   Number         0  rtc.o ABSOLUTE
    ../Src/stm32l0xx_hal_msp.c               0x00000000   Number         0  stm32l0xx_hal_msp.o ABSOLUTE
    ../Src/stm32l0xx_it.c                    0x00000000   Number         0  stm32l0xx_it.o ABSOLUTE
    ../Src/system_stm32l0xx.c                0x00000000   Number         0  system_stm32l0xx.o ABSOLUTE
    ../Src/usart.c                           0x00000000   Number         0  usart.o ABSOLUTE
    ../clib/microlib/division.c              0x00000000   Number         0  uldiv.o ABSOLUTE
    ../clib/microlib/division.c              0x00000000   Number         0  uidiv.o ABSOLUTE
    ../clib/microlib/init/entry.s            0x00000000   Number         0  entry7b.o ABSOLUTE
    ../clib/microlib/init/entry.s            0x00000000   Number         0  entry2.o ABSOLUTE
    ../clib/microlib/init/entry.s            0x00000000   Number         0  entry8b.o ABSOLUTE
    ../clib/microlib/init/entry.s            0x00000000   Number         0  entry9a.o ABSOLUTE
    ../clib/microlib/init/entry.s            0x00000000   Number         0  entry5.o ABSOLUTE
    ../clib/microlib/init/entry.s            0x00000000   Number         0  entry10a.o ABSOLUTE
    ../clib/microlib/init/entry.s            0x00000000   Number         0  entry10b.o ABSOLUTE
    ../clib/microlib/init/entry.s            0x00000000   Number         0  entry11a.o ABSOLUTE
    ../clib/microlib/init/entry.s            0x00000000   Number         0  entry11b.o ABSOLUTE
    ../clib/microlib/init/entry.s            0x00000000   Number         0  entry8a.o ABSOLUTE
    ../clib/microlib/init/entry.s            0x00000000   Number         0  entry9b.o ABSOLUTE
    ../clib/microlib/init/entry.s            0x00000000   Number         0  entry.o ABSOLUTE
    ../clib/microlib/init/entry.s            0x00000000   Number         0  entry7a.o ABSOLUTE
    ../clib/microlib/longlong.c              0x00000000   Number         0  llshl.o ABSOLUTE
    ../clib/microlib/longlong.c              0x00000000   Number         0  llushr.o ABSOLUTE
    ../clib/microlib/longlong.c              0x00000000   Number         0  llsshr.o ABSOLUTE
    ../clib/microlib/printf/printf.c         0x00000000   Number         0  printf8.o ABSOLUTE
    ../clib/microlib/printf/printf.c         0x00000000   Number         0  printfa.o ABSOLUTE
    ../clib/microlib/printf/printf.c         0x00000000   Number         0  printf0.o ABSOLUTE
    ../clib/microlib/printf/printf.c         0x00000000   Number         0  printf6.o ABSOLUTE
    ../clib/microlib/printf/printf.c         0x00000000   Number         0  printf5.o ABSOLUTE
    ../clib/microlib/printf/printf.c         0x00000000   Number         0  printf4.o ABSOLUTE
    ../clib/microlib/printf/printf.c         0x00000000   Number         0  printf3.o ABSOLUTE
    ../clib/microlib/printf/printf.c         0x00000000   Number         0  printf2.o ABSOLUTE
    ../clib/microlib/printf/printf.c         0x00000000   Number         0  printf1.o ABSOLUTE
    ../clib/microlib/printf/printf.c         0x00000000   Number         0  printfb.o ABSOLUTE
    ../clib/microlib/printf/printf.c         0x00000000   Number         0  printf7.o ABSOLUTE
    ../clib/microlib/printf/stubs.s          0x00000000   Number         0  stubs.o ABSOLUTE
    ../clib/microlib/stdio/streams.c         0x00000000   Number         0  stdout.o ABSOLUTE
    ../clib/microlib/string/memcpy.c         0x00000000   Number         0  memcpyb.o ABSOLUTE
    ../clib/microlib/string/memcpy.c         0x00000000   Number         0  memcpya.o ABSOLUTE
    ../clib/microlib/string/memset.c         0x00000000   Number         0  memset.o ABSOLUTE
    ../clib/microlib/string/memset.c         0x00000000   Number         0  memseta.o ABSOLUTE
    ../clib/microlib/string/strlen.c         0x00000000   Number         0  strlen.o ABSOLUTE
    ../clib/microlib/string/strstr.c         0x00000000   Number         0  strstr.o ABSOLUTE
    ../clib/microlib/stubs.s                 0x00000000   Number         0  iusefp.o ABSOLUTE
    ../clib/microlib/unhosted.c              0x00000000   Number         0  uwrite4.o ABSOLUTE
    ../clib/microlib/unhosted.c              0x00000000   Number         0  uread4.o ABSOLUTE
    ../fplib/microlib/fpadd.c                0x00000000   Number         0  dadd.o ABSOLUTE
    ../fplib/microlib/fpdiv.c                0x00000000   Number         0  ddiv.o ABSOLUTE
    ../fplib/microlib/fpepilogue.c           0x00000000   Number         0  depilogue.o ABSOLUTE
    ../fplib/microlib/fpfix.c                0x00000000   Number         0  dfixul.o ABSOLUTE
    ../fplib/microlib/fpmul.c                0x00000000   Number         0  dmul.o ABSOLUTE
    ..\Drivers\STM32L0xx_HAL_Driver\Src\stm32l0xx_hal.c 0x00000000   Number         0  stm32l0xx_hal.o ABSOLUTE
    ..\Drivers\STM32L0xx_HAL_Driver\Src\stm32l0xx_hal_cortex.c 0x00000000   Number         0  stm32l0xx_hal_cortex.o ABSOLUTE
    ..\Drivers\STM32L0xx_HAL_Driver\Src\stm32l0xx_hal_dma.c 0x00000000   Number         0  stm32l0xx_hal_dma.o ABSOLUTE
    ..\Drivers\STM32L0xx_HAL_Driver\Src\stm32l0xx_hal_flash.c 0x00000000   Number         0  stm32l0xx_hal_flash.o ABSOLUTE
    ..\Drivers\STM32L0xx_HAL_Driver\Src\stm32l0xx_hal_flash_ex.c 0x00000000   Number         0  stm32l0xx_hal_flash_ex.o ABSOLUTE
    ..\Drivers\STM32L0xx_HAL_Driver\Src\stm32l0xx_hal_flash_ramfunc.c 0x00000000   Number         0  stm32l0xx_hal_flash_ramfunc.o ABSOLUTE
    ..\Drivers\STM32L0xx_HAL_Driver\Src\stm32l0xx_hal_gpio.c 0x00000000   Number         0  stm32l0xx_hal_gpio.o ABSOLUTE
    ..\Drivers\STM32L0xx_HAL_Driver\Src\stm32l0xx_hal_i2c.c 0x00000000   Number         0  stm32l0xx_hal_i2c.o ABSOLUTE
    ..\Drivers\STM32L0xx_HAL_Driver\Src\stm32l0xx_hal_i2c_ex.c 0x00000000   Number         0  stm32l0xx_hal_i2c_ex.o ABSOLUTE
    ..\Drivers\STM32L0xx_HAL_Driver\Src\stm32l0xx_hal_pwr.c 0x00000000   Number         0  stm32l0xx_hal_pwr.o ABSOLUTE
    ..\Drivers\STM32L0xx_HAL_Driver\Src\stm32l0xx_hal_pwr_ex.c 0x00000000   Number         0  stm32l0xx_hal_pwr_ex.o ABSOLUTE
    ..\Drivers\STM32L0xx_HAL_Driver\Src\stm32l0xx_hal_rcc.c 0x00000000   Number         0  stm32l0xx_hal_rcc.o ABSOLUTE
    ..\Drivers\STM32L0xx_HAL_Driver\Src\stm32l0xx_hal_rcc_ex.c 0x00000000   Number         0  stm32l0xx_hal_rcc_ex.o ABSOLUTE
    ..\Drivers\STM32L0xx_HAL_Driver\Src\stm32l0xx_hal_rtc.c 0x00000000   Number         0  stm32l0xx_hal_rtc.o ABSOLUTE
    ..\Drivers\STM32L0xx_HAL_Driver\Src\stm32l0xx_hal_rtc_ex.c 0x00000000   Number         0  stm32l0xx_hal_rtc_ex.o ABSOLUTE
    ..\Drivers\STM32L0xx_HAL_Driver\Src\stm32l0xx_hal_tim.c 0x00000000   Number         0  stm32l0xx_hal_tim.o ABSOLUTE
    ..\Drivers\STM32L0xx_HAL_Driver\Src\stm32l0xx_hal_tim_ex.c 0x00000000   Number         0  stm32l0xx_hal_tim_ex.o ABSOLUTE
    ..\Drivers\STM32L0xx_HAL_Driver\Src\stm32l0xx_hal_uart.c 0x00000000   Number         0  stm32l0xx_hal_uart.o ABSOLUTE
    ..\Drivers\STM32L0xx_HAL_Driver\Src\stm32l0xx_hal_uart_ex.c 0x00000000   Number         0  stm32l0xx_hal_uart_ex.o ABSOLUTE
    ..\Middlewares\Third_Party\FreeRTOS\Source\CMSIS_RTOS\cmsis_os.c 0x00000000   Number         0  cmsis_os.o ABSOLUTE
    ..\Middlewares\Third_Party\FreeRTOS\Source\portable\RVDS\ARM_CM0\port.c 0x00000000   Number         0  port.o ABSOLUTE
    ..\Src\freertos.c                        0x00000000   Number         0  freertos.o ABSOLUTE
    ..\Src\gpio.c                            0x00000000   Number         0  gpio.o ABSOLUTE
    ..\Src\main.c                            0x00000000   Number         0  main.o ABSOLUTE
    ..\Src\rs232.c                           0x00000000   Number         0  rs232.o ABSOLUTE
    ..\Src\rtc.c                             0x00000000   Number         0  rtc.o ABSOLUTE
    ..\Src\stm32l0xx_hal_msp.c               0x00000000   Number         0  stm32l0xx_hal_msp.o ABSOLUTE
    ..\Src\stm32l0xx_it.c                    0x00000000   Number         0  stm32l0xx_it.o ABSOLUTE
    ..\Src\system_stm32l0xx.c                0x00000000   Number         0  system_stm32l0xx.o ABSOLUTE
    ..\Src\usart.c                           0x00000000   Number         0  usart.o ABSOLUTE
    ..\\Src\\rs232.c                         0x00000000   Number         0  rs232.o ABSOLUTE
    cdrcmple.s                               0x00000000   Number         0  cdrcmple.o ABSOLUTE
    dc.s                                     0x00000000   Number         0  dc.o ABSOLUTE
    handlers.s                               0x00000000   Number         0  handlers.o ABSOLUTE
    init.s                                   0x00000000   Number         0  init.o ABSOLUTE
    startup_stm32l073xx.s                    0x00000000   Number         0  startup_stm32l073xx.o ABSOLUTE
    RESET                                    0x08000000   Section      192  startup_stm32l073xx.o(RESET)
    .ARM.Collect$$$$00000000                 0x080000c0   Section        0  entry.o(.ARM.Collect$$$$00000000)
    .ARM.Collect$$$$00000001                 0x080000c0   Section        4  entry2.o(.ARM.Collect$$$$00000001)
    .ARM.Collect$$$$00000004                 0x080000c4   Section        4  entry5.o(.ARM.Collect$$$$00000004)
    .ARM.Collect$$$$00000008                 0x080000c8   Section        0  entry7b.o(.ARM.Collect$$$$00000008)
    .ARM.Collect$$$$0000000A                 0x080000c8   Section        0  entry8b.o(.ARM.Collect$$$$0000000A)
    .ARM.Collect$$$$0000000B                 0x080000c8   Section        8  entry9a.o(.ARM.Collect$$$$0000000B)
    .ARM.Collect$$$$0000000D                 0x080000d0   Section        0  entry10a.o(.ARM.Collect$$$$0000000D)
    .ARM.Collect$$$$0000000F                 0x080000d0   Section        0  entry11a.o(.ARM.Collect$$$$0000000F)
    .ARM.Collect$$$$00002712                 0x080000d0   Section        4  entry2.o(.ARM.Collect$$$$00002712)
    __lit__00000000                          0x080000d0   Data           4  entry2.o(.ARM.Collect$$$$00002712)
    .emb_text                                0x080000d4   Section      120  port.o(.emb_text)
    .text                                    0x0800014c   Section       28  startup_stm32l073xx.o(.text)
    .text                                    0x08000168   Section        0  uidiv.o(.text)
    .text                                    0x08000194   Section        0  uldiv.o(.text)
    .text                                    0x080001f4   Section        0  memcpya.o(.text)
    .text                                    0x08000218   Section        0  memseta.o(.text)
    .text                                    0x0800023c   Section        0  uread4.o(.text)
    .text                                    0x08000250   Section        0  uwrite4.o(.text)
    .text                                    0x08000262   Section        0  llshl.o(.text)
    .text                                    0x08000282   Section        0  llushr.o(.text)
    .text                                    0x080002a4   Section        0  iusefp.o(.text)
    .text                                    0x080002a4   Section        0  dadd.o(.text)
    .text                                    0x08000408   Section        0  dmul.o(.text)
    .text                                    0x080004d8   Section        0  ddiv.o(.text)
    .text                                    0x080005c8   Section        0  dfixul.o(.text)
    .text                                    0x08000608   Section       40  cdrcmple.o(.text)
    .text                                    0x08000630   Section       36  init.o(.text)
    .text                                    0x08000654   Section        0  llsshr.o(.text)
    .text                                    0x0800067a   Section        0  depilogue.o(.text)
    i.Error_Handler                          0x08000738   Section        0  main.o(i.Error_Handler)
    i.HAL_DMA_Abort_IT                       0x0800073a   Section        0  stm32l0xx_hal_dma.o(i.HAL_DMA_Abort_IT)
    i.HAL_GPIO_Init                          0x08000788   Section        0  stm32l0xx_hal_gpio.o(i.HAL_GPIO_Init)
    i.HAL_GetTick                            0x0800090c   Section        0  stm32l0xx_hal.o(i.HAL_GetTick)
    i.HAL_IncTick                            0x08000918   Section        0  stm32l0xx_hal.o(i.HAL_IncTick)
    i.HAL_Init                               0x08000928   Section        0  stm32l0xx_hal.o(i.HAL_Init)
    i.HAL_InitTick                           0x08000950   Section        0  stm32l0xx_hal.o(i.HAL_InitTick)
    i.HAL_MspInit                            0x08000980   Section        0  stm32l0xx_hal_msp.o(i.HAL_MspInit)
    i.HAL_NVIC_EnableIRQ                     0x080009a4   Section        0  stm32l0xx_hal_cortex.o(i.HAL_NVIC_EnableIRQ)
    i.HAL_NVIC_SetPriority                   0x080009b8   Section        0  stm32l0xx_hal_cortex.o(i.HAL_NVIC_SetPriority)
    i.HAL_PWR_EnableBkUpAccess               0x080009c0   Section        0  stm32l0xx_hal_pwr.o(i.HAL_PWR_EnableBkUpAccess)
    i.HAL_RCCEx_PeriphCLKConfig              0x080009d0   Section        0  stm32l0xx_hal_rcc_ex.o(i.HAL_RCCEx_PeriphCLKConfig)
    i.HAL_RCC_ClockConfig                    0x08000b7c   Section        0  stm32l0xx_hal_rcc.o(i.HAL_RCC_ClockConfig)
    i.HAL_RCC_GetPCLK1Freq                   0x08000ce8   Section        0  stm32l0xx_hal_rcc.o(i.HAL_RCC_GetPCLK1Freq)
    i.HAL_RCC_GetPCLK2Freq                   0x08000d08   Section        0  stm32l0xx_hal_rcc.o(i.HAL_RCC_GetPCLK2Freq)
    i.HAL_RCC_GetSysClockFreq                0x08000d28   Section        0  stm32l0xx_hal_rcc.o(i.HAL_RCC_GetSysClockFreq)
    i.HAL_RCC_OscConfig                      0x08000da0   Section        0  stm32l0xx_hal_rcc.o(i.HAL_RCC_OscConfig)
    i.HAL_RTCEx_SetWakeUpTimer_IT            0x08001238   Section        0  stm32l0xx_hal_rtc_ex.o(i.HAL_RTCEx_SetWakeUpTimer_IT)
    i.HAL_RTCEx_WakeUpTimerEventCallback     0x08001330   Section        0  stm32l0xx_hal_rtc_ex.o(i.HAL_RTCEx_WakeUpTimerEventCallback)
    i.HAL_RTCEx_WakeUpTimerIRQHandler        0x08001334   Section        0  stm32l0xx_hal_rtc_ex.o(i.HAL_RTCEx_WakeUpTimerIRQHandler)
    i.HAL_RTC_GetDate                        0x0800136c   Section        0  stm32l0xx_hal_rtc.o(i.HAL_RTC_GetDate)
    i.HAL_RTC_GetTime                        0x080013b0   Section        0  stm32l0xx_hal_rtc.o(i.HAL_RTC_GetTime)
    i.HAL_RTC_Init                           0x0800140c   Section        0  stm32l0xx_hal_rtc.o(i.HAL_RTC_Init)
    i.HAL_RTC_MspInit                        0x080014c8   Section        0  rtc.o(i.HAL_RTC_MspInit)
    i.HAL_RTC_SetDate                        0x080014f8   Section        0  stm32l0xx_hal_rtc.o(i.HAL_RTC_SetDate)
    i.HAL_RTC_SetTime                        0x080015bc   Section        0  stm32l0xx_hal_rtc.o(i.HAL_RTC_SetTime)
    i.HAL_RTC_WaitForSynchro                 0x080016a4   Section        0  stm32l0xx_hal_rtc.o(i.HAL_RTC_WaitForSynchro)
    i.HAL_SYSTICK_Config                     0x080016d8   Section        0  stm32l0xx_hal_cortex.o(i.HAL_SYSTICK_Config)
    i.HAL_UARTEx_WakeupCallback              0x08001708   Section        0  stm32l0xx_hal_uart_ex.o(i.HAL_UARTEx_WakeupCallback)
    i.HAL_UART_ErrorCallback                 0x0800170a   Section        0  stm32l0xx_hal_uart.o(i.HAL_UART_ErrorCallback)
    i.HAL_UART_IRQHandler                    0x0800170c   Section        0  stm32l0xx_hal_uart.o(i.HAL_UART_IRQHandler)
    i.HAL_UART_Init                          0x08001848   Section        0  stm32l0xx_hal_uart.o(i.HAL_UART_Init)
    i.HAL_UART_MspInit                       0x080018b4   Section        0  usart.o(i.HAL_UART_MspInit)
    i.HAL_UART_Transmit                      0x08001960   Section        0  stm32l0xx_hal_uart.o(i.HAL_UART_Transmit)
    i.HAL_UART_TxCpltCallback                0x08001a2e   Section        0  stm32l0xx_hal_uart.o(i.HAL_UART_TxCpltCallback)
    i.HardFault_Handler                      0x08001a30   Section        0  stm32l0xx_it.o(i.HardFault_Handler)
    i.MX_FREERTOS_Init                       0x08001a34   Section        0  freertos.o(i.MX_FREERTOS_Init)
    i.MX_GPIO_Init                           0x08001a78   Section        0  gpio.o(i.MX_GPIO_Init)
    i.MX_RTC_Init                            0x08001abc   Section        0  rtc.o(i.MX_RTC_Init)
    i.MX_USART5_UART_Init                    0x08001b50   Section        0  usart.o(i.MX_USART5_UART_Init)
    i.NMI_Handler                            0x08001b88   Section        0  stm32l0xx_it.o(i.NMI_Handler)
    i.NVIC_SetPriority                       0x08001b8c   Section        0  stm32l0xx_hal_cortex.o(i.NVIC_SetPriority)
    NVIC_SetPriority                         0x08001b8d   Thumb Code    60  stm32l0xx_hal_cortex.o(i.NVIC_SetPriority)
    i.RTC_Bcd2ToByte                         0x08001bd0   Section        0  stm32l0xx_hal_rtc.o(i.RTC_Bcd2ToByte)
    i.RTC_ByteToBcd2                         0x08001be0   Section        0  stm32l0xx_hal_rtc.o(i.RTC_ByteToBcd2)
    i.RTC_EnterInitMode                      0x08001bf8   Section        0  stm32l0xx_hal_rtc.o(i.RTC_EnterInitMode)
    i.RTC_Get_UserTime                       0x08001c30   Section        0  rtc.o(i.RTC_Get_UserTime)
    i.RTC_IRQHandler                         0x08001cac   Section        0  stm32l0xx_it.o(i.RTC_IRQHandler)
    i.RTC_Process_Task                       0x08001cf8   Section        0  rtc.o(i.RTC_Process_Task)
    i.SVC_Handler                            0x08001d58   Section        0  port.o(i.SVC_Handler)
    i.StartDefaultTask                       0x08001d5a   Section        0  freertos.o(i.StartDefaultTask)
    i.SysTick_Handler                        0x08001d62   Section        0  stm32l0xx_it.o(i.SysTick_Handler)
    i.SystemClock_Config                     0x08001d78   Section        0  main.o(i.SystemClock_Config)
    i.SystemInit                             0x08001df8   Section        0  system_stm32l0xx.o(i.SystemInit)
    i.UART_AdvFeatureConfig                  0x08001e4c   Section        0  stm32l0xx_hal_uart.o(i.UART_AdvFeatureConfig)
    i.UART_CheckIdleState                    0x08001f18   Section        0  stm32l0xx_hal_uart.o(i.UART_CheckIdleState)
    i.UART_DMAAbortOnError                   0x08001f78   Section        0  stm32l0xx_hal_uart.o(i.UART_DMAAbortOnError)
    UART_DMAAbortOnError                     0x08001f79   Thumb Code    20  stm32l0xx_hal_uart.o(i.UART_DMAAbortOnError)
    i.UART_EndRxTransfer                     0x08001f8c   Section        0  stm32l0xx_hal_uart.o(i.UART_EndRxTransfer)
    UART_EndRxTransfer                       0x08001f8d   Thumb Code    32  stm32l0xx_hal_uart.o(i.UART_EndRxTransfer)
    i.UART_SetConfig                         0x08001fac   Section        0  stm32l0xx_hal_uart.o(i.UART_SetConfig)
    i.UART_WaitOnFlagUntilTimeout            0x080021e8   Section        0  stm32l0xx_hal_uart.o(i.UART_WaitOnFlagUntilTimeout)
    i.USART4_5_IRQHandler                    0x0800224c   Section        0  stm32l0xx_it.o(i.USART4_5_IRQHandler)
    i.__0printf                              0x08002308   Section        0  printfa.o(i.__0printf)
    i.__0sprintf                             0x08002328   Section        0  printfa.o(i.__0sprintf)
    i.__ARM_clz                              0x08002350   Section        0  depilogue.o(i.__ARM_clz)
    i.__ARM_common_switch8                   0x0800237e   Section        0  stm32l0xx_hal_dma.o(i.__ARM_common_switch8)
    i.__scatterload_copy                     0x08002398   Section       14  handlers.o(i.__scatterload_copy)
    i.__scatterload_null                     0x080023a6   Section        2  handlers.o(i.__scatterload_null)
    i.__scatterload_zeroinit                 0x080023a8   Section       14  handlers.o(i.__scatterload_zeroinit)
    i._fp_digits                             0x080023b8   Section        0  printfa.o(i._fp_digits)
    _fp_digits                               0x080023b9   Thumb Code   344  printfa.o(i._fp_digits)
    i._printf_core                           0x0800252c   Section        0  printfa.o(i._printf_core)
    _printf_core                             0x0800252d   Thumb Code  1754  printfa.o(i._printf_core)
    i._printf_post_padding                   0x08002c18   Section        0  printfa.o(i._printf_post_padding)
    _printf_post_padding                     0x08002c19   Thumb Code    32  printfa.o(i._printf_post_padding)
    i._printf_pre_padding                    0x08002c38   Section        0  printfa.o(i._printf_pre_padding)
    _printf_pre_padding                      0x08002c39   Thumb Code    44  printfa.o(i._printf_pre_padding)
    i._sputc                                 0x08002c64   Section        0  printfa.o(i._sputc)
    _sputc                                   0x08002c65   Thumb Code    10  printfa.o(i._sputc)
    i.fputc                                  0x08002c70   Section        0  usart.o(i.fputc)
    i.main                                   0x08002c88   Section        0  main.o(i.main)
    i.makeFreeRtosPriority                   0x08002ca6   Section        0  cmsis_os.o(i.makeFreeRtosPriority)
    makeFreeRtosPriority                     0x08002ca7   Thumb Code    12  cmsis_os.o(i.makeFreeRtosPriority)
    i.osDelay                                0x08002cb2   Section        0  cmsis_os.o(i.osDelay)
    i.osKernelStart                          0x08002cc2   Section        0  cmsis_os.o(i.osKernelStart)
    i.osThreadCreate                         0x08002ccc   Section        0  cmsis_os.o(i.osThreadCreate)
    i.prvAddCurrentTaskToDelayedList         0x08002d24   Section        0  tasks.o(i.prvAddCurrentTaskToDelayedList)
    prvAddCurrentTaskToDelayedList           0x08002d25   Thumb Code    78  tasks.o(i.prvAddCurrentTaskToDelayedList)
    i.prvAddNewTaskToReadyList               0x08002d7c   Section        0  tasks.o(i.prvAddNewTaskToReadyList)
    prvAddNewTaskToReadyList                 0x08002d7d   Thumb Code   176  tasks.o(i.prvAddNewTaskToReadyList)
    i.prvDeleteTCB                           0x08002e34   Section        0  tasks.o(i.prvDeleteTCB)
    prvDeleteTCB                             0x08002e35   Thumb Code    38  tasks.o(i.prvDeleteTCB)
    i.prvHeapInit                            0x08002e5c   Section        0  heap_4.o(i.prvHeapInit)
    prvHeapInit                              0x08002e5d   Thumb Code    60  heap_4.o(i.prvHeapInit)
    i.prvIdleTask                            0x08002ea0   Section        0  tasks.o(i.prvIdleTask)
    prvIdleTask                              0x08002ea1   Thumb Code    64  tasks.o(i.prvIdleTask)
    i.prvInitialiseNewQueue                  0x08002ee8   Section        0  queue.o(i.prvInitialiseNewQueue)
    prvInitialiseNewQueue                    0x08002ee9   Thumb Code    28  queue.o(i.prvInitialiseNewQueue)
    i.prvInitialiseNewTask                   0x08002f04   Section        0  tasks.o(i.prvInitialiseNewTask)
    prvInitialiseNewTask                     0x08002f05   Thumb Code   124  tasks.o(i.prvInitialiseNewTask)
    i.prvInsertBlockIntoFreeList             0x08002f80   Section        0  heap_4.o(i.prvInsertBlockIntoFreeList)
    prvInsertBlockIntoFreeList               0x08002f81   Thumb Code    72  heap_4.o(i.prvInsertBlockIntoFreeList)
    i.prvResetNextTaskUnblockTime            0x08002fcc   Section        0  tasks.o(i.prvResetNextTaskUnblockTime)
    prvResetNextTaskUnblockTime              0x08002fcd   Thumb Code    28  tasks.o(i.prvResetNextTaskUnblockTime)
    i.prvTaskExitError                       0x08002fec   Section        0  port.o(i.prvTaskExitError)
    prvTaskExitError                         0x08002fed   Thumb Code    14  port.o(i.prvTaskExitError)
    i.pvPortMalloc                           0x08003000   Section        0  heap_4.o(i.pvPortMalloc)
    i.pxPortInitialiseStack                  0x080030b0   Section        0  port.o(i.pxPortInitialiseStack)
    i.uxListRemove                           0x080030d0   Section        0  list.o(i.uxListRemove)
    i.vApplicationGetIdleTaskMemory          0x080030f8   Section        0  freertos.o(i.vApplicationGetIdleTaskMemory)
    i.vListInitialise                        0x0800310c   Section        0  list.o(i.vListInitialise)
    i.vListInitialiseItem                    0x08003122   Section        0  list.o(i.vListInitialiseItem)
    i.vListInsert                            0x08003128   Section        0  list.o(i.vListInsert)
    i.vListInsertEnd                         0x08003158   Section        0  list.o(i.vListInsertEnd)
    i.vPortEnterCritical                     0x08003170   Section        0  port.o(i.vPortEnterCritical)
    i.vPortExitCritical                      0x08003188   Section        0  port.o(i.vPortExitCritical)
    i.vPortFree                              0x080031a4   Section        0  heap_4.o(i.vPortFree)
    i.vPortYield                             0x080031e8   Section        0  port.o(i.vPortYield)
    i.vTaskDelay                             0x08003200   Section        0  tasks.o(i.vTaskDelay)
    i.vTaskStartScheduler                    0x08003230   Section        0  tasks.o(i.vTaskStartScheduler)
    i.vTaskSuspendAll                        0x08003288   Section        0  tasks.o(i.vTaskSuspendAll)
    i.vTaskSwitchContext                     0x08003298   Section        0  tasks.o(i.vTaskSwitchContext)
    i.xPortStartScheduler                    0x080032f0   Section        0  port.o(i.xPortStartScheduler)
    i.xPortSysTickHandler                    0x08003340   Section        0  port.o(i.xPortSysTickHandler)
    i.xQueueGenericCreate                    0x08003364   Section        0  queue.o(i.xQueueGenericCreate)
    i.xQueueGenericReset                     0x080033a0   Section        0  queue.o(i.xQueueGenericReset)
    i.xTaskCreate                            0x0800340c   Section        0  tasks.o(i.xTaskCreate)
    i.xTaskCreateStatic                      0x0800345e   Section        0  tasks.o(i.xTaskCreateStatic)
    i.xTaskGetSchedulerState                 0x080034a4   Section        0  tasks.o(i.xTaskGetSchedulerState)
    i.xTaskIncrementTick                     0x080034c4   Section        0  tasks.o(i.xTaskIncrementTick)
    i.xTaskRemoveFromEventList               0x08003580   Section        0  tasks.o(i.xTaskRemoveFromEventList)
    i.xTaskResumeAll                         0x080035e4   Section        0  tasks.o(i.xTaskResumeAll)
    .constdata                               0x08003690   Section       28  freertos.o(.constdata)
    .constdata                               0x080036ac   Section       25  system_stm32l0xx.o(.constdata)
    .constdata                               0x080036c5   Section        8  system_stm32l0xx.o(.constdata)
    .conststring                             0x080036d0   Section       12  freertos.o(.conststring)
    .data                                    0x20000000   Section        8  freertos.o(.data)
    .data                                    0x20000008   Section        8  rtc.o(.data)
    .data                                    0x20000010   Section        1  stm32l0xx_it.o(.data)
    RX_ch                                    0x20000010   Data           1  stm32l0xx_it.o(.data)
    .data                                    0x20000014   Section        4  stm32l0xx_hal.o(.data)
    .data                                    0x20000018   Section        4  system_stm32l0xx.o(.data)
    .data                                    0x2000001c   Section       60  tasks.o(.data)
    pxDelayedTaskList                        0x20000020   Data           4  tasks.o(.data)
    pxOverflowDelayedTaskList                0x20000024   Data           4  tasks.o(.data)
    uxDeletedTasksWaitingCleanUp             0x20000028   Data           4  tasks.o(.data)
    uxCurrentNumberOfTasks                   0x2000002c   Data           4  tasks.o(.data)
    xTickCount                               0x20000030   Data           4  tasks.o(.data)
    uxTopReadyPriority                       0x20000034   Data           4  tasks.o(.data)
    xSchedulerRunning                        0x20000038   Data           4  tasks.o(.data)
    uxPendedTicks                            0x2000003c   Data           4  tasks.o(.data)
    xYieldPending                            0x20000040   Data           4  tasks.o(.data)
    xNumOfOverflows                          0x20000044   Data           4  tasks.o(.data)
    uxTaskNumber                             0x20000048   Data           4  tasks.o(.data)
    xNextTaskUnblockTime                     0x2000004c   Data           4  tasks.o(.data)
    xIdleTaskHandle                          0x20000050   Data           4  tasks.o(.data)
    uxSchedulerSuspended                     0x20000054   Data           4  tasks.o(.data)
    .data                                    0x20000058   Section       24  heap_4.o(.data)
    pxEnd                                    0x20000058   Data           4  heap_4.o(.data)
    xFreeBytesRemaining                      0x2000005c   Data           4  heap_4.o(.data)
    xMinimumEverFreeBytesRemaining           0x20000060   Data           4  heap_4.o(.data)
    xBlockAllocatedBit                       0x20000064   Data           4  heap_4.o(.data)
    xStart                                   0x20000068   Data           8  heap_4.o(.data)
    .data                                    0x20000070   Section        4  port.o(.data)
    uxCriticalNesting                        0x20000070   Data           4  port.o(.data)
    .data                                    0x20000074   Section        4  stdout.o(.data)
    .bss                                     0x20000078   Section      596  freertos.o(.bss)
    xIdleTaskTCBBuffer                       0x20000078   Data          84  freertos.o(.bss)
    xIdleStack                               0x200000cc   Data         512  freertos.o(.bss)
    .bss                                     0x200002cc   Section       36  rtc.o(.bss)
    .bss                                     0x200002f0   Section     6184  usart.o(.bss)
    .bss                                     0x20001b18   Section      128  usart.o(.bss)
    .bss                                     0x20001b98   Section      240  tasks.o(.bss)
    pxReadyTasksLists                        0x20001b98   Data         140  tasks.o(.bss)
    xDelayedTaskList1                        0x20001c24   Data          20  tasks.o(.bss)
    xDelayedTaskList2                        0x20001c38   Data          20  tasks.o(.bss)
    xPendingReadyList                        0x20001c4c   Data          20  tasks.o(.bss)
    xTasksWaitingTermination                 0x20001c60   Data          20  tasks.o(.bss)
    xSuspendedTaskList                       0x20001c74   Data          20  tasks.o(.bss)
    .bss                                     0x20001c88   Section    10240  heap_4.o(.bss)
    ucHeap                                   0x20001c88   Data       10240  heap_4.o(.bss)
    STACK                                    0x20004488   Section     1024  startup_stm32l073xx.o(STACK)

    Global Symbols

    Symbol Name                              Value     Ov Type        Size  Object(Section)

    BuildAttributes$$THM_ISAv3M$S$PE$A:L22$X:L11$S22$IEEE1$IW$USESV6$~STKCKD$USESV7$~SHL$OSPACE$ROPI$EBA8$MICROLIB$REQ8$PRES8$EABIv2 0x00000000   Number         0  anon$$obj.o ABSOLUTE
    __ARM_use_no_argv                        0x00000000   Number         0  main.o ABSOLUTE
    _printf_a                                0x00000000   Number         0  stubs.o ABSOLUTE
    _printf_c                                0x00000000   Number         0  stubs.o ABSOLUTE
    _printf_charcount                        0x00000000   Number         0  stubs.o ABSOLUTE
    _printf_d                                0x00000000   Number         0  stubs.o ABSOLUTE
    _printf_e                                0x00000000   Number         0  stubs.o ABSOLUTE
    _printf_f                                0x00000000   Number         0  stubs.o ABSOLUTE
    _printf_flags                            0x00000000   Number         0  stubs.o ABSOLUTE
    _printf_fp_dec                           0x00000000   Number         0  stubs.o ABSOLUTE
    _printf_fp_hex                           0x00000000   Number         0  stubs.o ABSOLUTE
    _printf_g                                0x00000000   Number         0  stubs.o ABSOLUTE
    _printf_i                                0x00000000   Number         0  stubs.o ABSOLUTE
    _printf_int_dec                          0x00000000   Number         0  stubs.o ABSOLUTE
    _printf_l                                0x00000000   Number         0  stubs.o ABSOLUTE
    _printf_lc                               0x00000000   Number         0  stubs.o ABSOLUTE
    _printf_ll                               0x00000000   Number         0  stubs.o ABSOLUTE
    _printf_lld                              0x00000000   Number         0  stubs.o ABSOLUTE
    _printf_lli                              0x00000000   Number         0  stubs.o ABSOLUTE
    _printf_llo                              0x00000000   Number         0  stubs.o ABSOLUTE
    _printf_llu                              0x00000000   Number         0  stubs.o ABSOLUTE
    _printf_llx                              0x00000000   Number         0  stubs.o ABSOLUTE
    _printf_longlong_dec                     0x00000000   Number         0  stubs.o ABSOLUTE
    _printf_longlong_hex                     0x00000000   Number         0  stubs.o ABSOLUTE
    _printf_longlong_oct                     0x00000000   Number         0  stubs.o ABSOLUTE
    _printf_ls                               0x00000000   Number         0  stubs.o ABSOLUTE
    _printf_mbtowc                           0x00000000   Number         0  stubs.o ABSOLUTE
    _printf_n                                0x00000000   Number         0  stubs.o ABSOLUTE
    _printf_o                                0x00000000   Number         0  stubs.o ABSOLUTE
    _printf_p                                0x00000000   Number         0  stubs.o ABSOLUTE
    _printf_percent                          0x00000000   Number         0  stubs.o ABSOLUTE
    _printf_pre_padding                      0x00000000   Number         0  stubs.o ABSOLUTE
    _printf_return_value                     0x00000000   Number         0  stubs.o ABSOLUTE
    _printf_s                                0x00000000   Number         0  stubs.o ABSOLUTE
    _printf_sizespec                         0x00000000   Number         0  stubs.o ABSOLUTE
    _printf_str                              0x00000000   Number         0  stubs.o ABSOLUTE
    _printf_truncate_signed                  0x00000000   Number         0  stubs.o ABSOLUTE
    _printf_truncate_unsigned                0x00000000   Number         0  stubs.o ABSOLUTE
    _printf_u                                0x00000000   Number         0  stubs.o ABSOLUTE
    _printf_wc                               0x00000000   Number         0  stubs.o ABSOLUTE
    _printf_wctomb                           0x00000000   Number         0  stubs.o ABSOLUTE
    _printf_widthprec                        0x00000000   Number         0  stubs.o ABSOLUTE
    _printf_x                                0x00000000   Number         0  stubs.o ABSOLUTE
    __cpp_initialize__aeabi_                  - Undefined Weak Reference
    __cxa_finalize                            - Undefined Weak Reference
    __decompress                              - Undefined Weak Reference
    _clock_init                               - Undefined Weak Reference
    _microlib_exit                            - Undefined Weak Reference
    __Vectors_Size                           0x000000c0   Number         0  startup_stm32l073xx.o ABSOLUTE
    __Vectors                                0x08000000   Data           4  startup_stm32l073xx.o(RESET)
    __Vectors_End                            0x080000c0   Data           0  startup_stm32l073xx.o(RESET)
    __main                                   0x080000c1   Thumb Code     0  entry.o(.ARM.Collect$$$$00000000)
    _main_stk                                0x080000c1   Thumb Code     0  entry2.o(.ARM.Collect$$$$00000001)
    _main_scatterload                        0x080000c5   Thumb Code     0  entry5.o(.ARM.Collect$$$$00000004)
    __main_after_scatterload                 0x080000c9   Thumb Code     0  entry5.o(.ARM.Collect$$$$00000004)
    _main_clock                              0x080000c9   Thumb Code     0  entry7b.o(.ARM.Collect$$$$00000008)
    _main_cpp_init                           0x080000c9   Thumb Code     0  entry8b.o(.ARM.Collect$$$$0000000A)
    _main_init                               0x080000c9   Thumb Code     0  entry9a.o(.ARM.Collect$$$$0000000B)
    __rt_final_cpp                           0x080000d1   Thumb Code     0  entry10a.o(.ARM.Collect$$$$0000000D)
    __rt_final_exit                          0x080000d1   Thumb Code     0  entry11a.o(.ARM.Collect$$$$0000000F)
    __asm___6_port_c_39a90d8d__prvPortStartFirstTask 0x080000d5   Thumb Code    36  port.o(.emb_text)
    ulSetInterruptMaskFromISR                0x080000fd   Thumb Code     8  port.o(.emb_text)
    vClearInterruptMaskFromISR               0x08000105   Thumb Code     6  port.o(.emb_text)
    PendSV_Handler                           0x0800010b   Thumb Code    62  port.o(.emb_text)
    Reset_Handler                            0x0800014d   Thumb Code     8  startup_stm32l073xx.o(.text)
    ADC1_COMP_IRQHandler                     0x0800015f   Thumb Code     0  startup_stm32l073xx.o(.text)
    DMA1_Channel1_IRQHandler                 0x0800015f   Thumb Code     0  startup_stm32l073xx.o(.text)
    DMA1_Channel2_3_IRQHandler               0x0800015f   Thumb Code     0  startup_stm32l073xx.o(.text)
    DMA1_Channel4_5_6_7_IRQHandler           0x0800015f   Thumb Code     0  startup_stm32l073xx.o(.text)
    EXTI0_1_IRQHandler                       0x0800015f   Thumb Code     0  startup_stm32l073xx.o(.text)
    EXTI2_3_IRQHandler                       0x0800015f   Thumb Code     0  startup_stm32l073xx.o(.text)
    EXTI4_15_IRQHandler                      0x0800015f   Thumb Code     0  startup_stm32l073xx.o(.text)
    FLASH_IRQHandler                         0x0800015f   Thumb Code     0  startup_stm32l073xx.o(.text)
    I2C1_IRQHandler                          0x0800015f   Thumb Code     0  startup_stm32l073xx.o(.text)
    I2C2_IRQHandler                          0x0800015f   Thumb Code     0  startup_stm32l073xx.o(.text)
    I2C3_IRQHandler                          0x0800015f   Thumb Code     0  startup_stm32l073xx.o(.text)
    LCD_IRQHandler                           0x0800015f   Thumb Code     0  startup_stm32l073xx.o(.text)
    LPTIM1_IRQHandler                        0x0800015f   Thumb Code     0  startup_stm32l073xx.o(.text)
    PVD_IRQHandler                           0x0800015f   Thumb Code     0  startup_stm32l073xx.o(.text)
    RCC_CRS_IRQHandler                       0x0800015f   Thumb Code     0  startup_stm32l073xx.o(.text)
    RNG_LPUART1_IRQHandler                   0x0800015f   Thumb Code     0  startup_stm32l073xx.o(.text)
    SPI1_IRQHandler                          0x0800015f   Thumb Code     0  startup_stm32l073xx.o(.text)
    SPI2_IRQHandler                          0x0800015f   Thumb Code     0  startup_stm32l073xx.o(.text)
    TIM21_IRQHandler                         0x0800015f   Thumb Code     0  startup_stm32l073xx.o(.text)
    TIM22_IRQHandler                         0x0800015f   Thumb Code     0  startup_stm32l073xx.o(.text)
    TIM2_IRQHandler                          0x0800015f   Thumb Code     0  startup_stm32l073xx.o(.text)
    TIM3_IRQHandler                          0x0800015f   Thumb Code     0  startup_stm32l073xx.o(.text)
    TIM6_DAC_IRQHandler                      0x0800015f   Thumb Code     0  startup_stm32l073xx.o(.text)
    TIM7_IRQHandler                          0x0800015f   Thumb Code     0  startup_stm32l073xx.o(.text)
    TSC_IRQHandler                           0x0800015f   Thumb Code     0  startup_stm32l073xx.o(.text)
    USART1_IRQHandler                        0x0800015f   Thumb Code     0  startup_stm32l073xx.o(.text)
    USART2_IRQHandler                        0x0800015f   Thumb Code     0  startup_stm32l073xx.o(.text)
    USB_IRQHandler                           0x0800015f   Thumb Code     0  startup_stm32l073xx.o(.text)
    WWDG_IRQHandler                          0x0800015f   Thumb Code     0  startup_stm32l073xx.o(.text)
    __aeabi_uidiv                            0x08000169   Thumb Code     0  uidiv.o(.text)
    __aeabi_uidivmod                         0x08000169   Thumb Code    44  uidiv.o(.text)
    __aeabi_uldivmod                         0x08000195   Thumb Code    96  uldiv.o(.text)
    __aeabi_memcpy                           0x080001f5   Thumb Code    36  memcpya.o(.text)
    __aeabi_memcpy4                          0x080001f5   Thumb Code     0  memcpya.o(.text)
    __aeabi_memcpy8                          0x080001f5   Thumb Code     0  memcpya.o(.text)
    __aeabi_memset                           0x08000219   Thumb Code    14  memseta.o(.text)
    __aeabi_memset4                          0x08000219   Thumb Code     0  memseta.o(.text)
    __aeabi_memset8                          0x08000219   Thumb Code     0  memseta.o(.text)
    __aeabi_memclr                           0x08000227   Thumb Code     4  memseta.o(.text)
    __aeabi_memclr4                          0x08000227   Thumb Code     0  memseta.o(.text)
    __aeabi_memclr8                          0x08000227   Thumb Code     0  memseta.o(.text)
    memset                                   0x0800022b   Thumb Code    18  memseta.o(.text)
    __aeabi_uread4                           0x0800023d   Thumb Code    20  uread4.o(.text)
    __rt_uread4                              0x0800023d   Thumb Code     0  uread4.o(.text)
    _uread4                                  0x0800023d   Thumb Code     0  uread4.o(.text)
    __aeabi_uwrite4                          0x08000251   Thumb Code    18  uwrite4.o(.text)
    __rt_uwrite4                             0x08000251   Thumb Code     0  uwrite4.o(.text)
    _uwrite4                                 0x08000251   Thumb Code     0  uwrite4.o(.text)
    __aeabi_llsl                             0x08000263   Thumb Code    32  llshl.o(.text)
    _ll_shift_l                              0x08000263   Thumb Code     0  llshl.o(.text)
    __aeabi_llsr                             0x08000283   Thumb Code    34  llushr.o(.text)
    _ll_ushift_r                             0x08000283   Thumb Code     0  llushr.o(.text)
    __I$use$fp                               0x080002a5   Thumb Code     0  iusefp.o(.text)
    __aeabi_dadd                             0x080002a5   Thumb Code   328  dadd.o(.text)
    __aeabi_dsub                             0x080003ed   Thumb Code    12  dadd.o(.text)
    __aeabi_drsub                            0x080003f9   Thumb Code    12  dadd.o(.text)
    __aeabi_dmul                             0x08000409   Thumb Code   202  dmul.o(.text)
    __aeabi_ddiv                             0x080004d9   Thumb Code   234  ddiv.o(.text)
    __aeabi_d2ulz                            0x080005c9   Thumb Code    54  dfixul.o(.text)
    __aeabi_cdrcmple                         0x08000609   Thumb Code    38  cdrcmple.o(.text)
    __scatterload                            0x08000631   Thumb Code    28  init.o(.text)
    __scatterload_rt2                        0x08000631   Thumb Code     0  init.o(.text)
    __aeabi_lasr                             0x08000655   Thumb Code    38  llsshr.o(.text)
    _ll_sshift_r                             0x08000655   Thumb Code     0  llsshr.o(.text)
    _double_round                            0x0800067b   Thumb Code    26  depilogue.o(.text)
    _double_epilogue                         0x08000695   Thumb Code   164  depilogue.o(.text)
    Error_Handler                            0x08000739   Thumb Code     2  main.o(i.Error_Handler)
    HAL_DMA_Abort_IT                         0x0800073b   Thumb Code    76  stm32l0xx_hal_dma.o(i.HAL_DMA_Abort_IT)
    HAL_GPIO_Init                            0x08000789   Thumb Code   356  stm32l0xx_hal_gpio.o(i.HAL_GPIO_Init)
    HAL_GetTick                              0x0800090d   Thumb Code     6  stm32l0xx_hal.o(i.HAL_GetTick)
    HAL_IncTick                              0x08000919   Thumb Code    10  stm32l0xx_hal.o(i.HAL_IncTick)
    HAL_Init                                 0x08000929   Thumb Code    36  stm32l0xx_hal.o(i.HAL_Init)
    HAL_InitTick                             0x08000951   Thumb Code    44  stm32l0xx_hal.o(i.HAL_InitTick)
    HAL_MspInit                              0x08000981   Thumb Code    32  stm32l0xx_hal_msp.o(i.HAL_MspInit)
    HAL_NVIC_EnableIRQ                       0x080009a5   Thumb Code    14  stm32l0xx_hal_cortex.o(i.HAL_NVIC_EnableIRQ)
    HAL_NVIC_SetPriority                     0x080009b9   Thumb Code     8  stm32l0xx_hal_cortex.o(i.HAL_NVIC_SetPriority)
    HAL_PWR_EnableBkUpAccess                 0x080009c1   Thumb Code    12  stm32l0xx_hal_pwr.o(i.HAL_PWR_EnableBkUpAccess)
    HAL_RCCEx_PeriphCLKConfig                0x080009d1   Thumb Code   416  stm32l0xx_hal_rcc_ex.o(i.HAL_RCCEx_PeriphCLKConfig)
    HAL_RCC_ClockConfig                      0x08000b7d   Thumb Code   344  stm32l0xx_hal_rcc.o(i.HAL_RCC_ClockConfig)
    HAL_RCC_GetPCLK1Freq                     0x08000ce9   Thumb Code    20  stm32l0xx_hal_rcc.o(i.HAL_RCC_GetPCLK1Freq)
    HAL_RCC_GetPCLK2Freq                     0x08000d09   Thumb Code    20  stm32l0xx_hal_rcc.o(i.HAL_RCC_GetPCLK2Freq)
    HAL_RCC_GetSysClockFreq                  0x08000d29   Thumb Code   100  stm32l0xx_hal_rcc.o(i.HAL_RCC_GetSysClockFreq)
    HAL_RCC_OscConfig                        0x08000da1   Thumb Code  1174  stm32l0xx_hal_rcc.o(i.HAL_RCC_OscConfig)
    HAL_RTCEx_SetWakeUpTimer_IT              0x08001239   Thumb Code   238  stm32l0xx_hal_rtc_ex.o(i.HAL_RTCEx_SetWakeUpTimer_IT)
    HAL_RTCEx_WakeUpTimerEventCallback       0x08001331   Thumb Code     2  stm32l0xx_hal_rtc_ex.o(i.HAL_RTCEx_WakeUpTimerEventCallback)
    HAL_RTCEx_WakeUpTimerIRQHandler          0x08001335   Thumb Code    48  stm32l0xx_hal_rtc_ex.o(i.HAL_RTCEx_WakeUpTimerIRQHandler)
    HAL_RTC_GetDate                          0x0800136d   Thumb Code    68  stm32l0xx_hal_rtc.o(i.HAL_RTC_GetDate)
    HAL_RTC_GetTime                          0x080013b1   Thumb Code    88  stm32l0xx_hal_rtc.o(i.HAL_RTC_GetTime)
    HAL_RTC_Init                             0x0800140d   Thumb Code   184  stm32l0xx_hal_rtc.o(i.HAL_RTC_Init)
    HAL_RTC_MspInit                          0x080014c9   Thumb Code    40  rtc.o(i.HAL_RTC_MspInit)
    HAL_RTC_SetDate                          0x080014f9   Thumb Code   190  stm32l0xx_hal_rtc.o(i.HAL_RTC_SetDate)
    HAL_RTC_SetTime                          0x080015bd   Thumb Code   228  stm32l0xx_hal_rtc.o(i.HAL_RTC_SetTime)
    HAL_RTC_WaitForSynchro                   0x080016a5   Thumb Code    52  stm32l0xx_hal_rtc.o(i.HAL_RTC_WaitForSynchro)
    HAL_SYSTICK_Config                       0x080016d9   Thumb Code    38  stm32l0xx_hal_cortex.o(i.HAL_SYSTICK_Config)
    HAL_UARTEx_WakeupCallback                0x08001709   Thumb Code     2  stm32l0xx_hal_uart_ex.o(i.HAL_UARTEx_WakeupCallback)
    HAL_UART_ErrorCallback                   0x0800170b   Thumb Code     2  stm32l0xx_hal_uart.o(i.HAL_UART_ErrorCallback)
    HAL_UART_IRQHandler                      0x0800170d   Thumb Code   310  stm32l0xx_hal_uart.o(i.HAL_UART_IRQHandler)
    HAL_UART_Init                            0x08001849   Thumb Code   106  stm32l0xx_hal_uart.o(i.HAL_UART_Init)
    HAL_UART_MspInit                         0x080018b5   Thumb Code   150  usart.o(i.HAL_UART_MspInit)
    HAL_UART_Transmit                        0x08001961   Thumb Code   206  stm32l0xx_hal_uart.o(i.HAL_UART_Transmit)
    HAL_UART_TxCpltCallback                  0x08001a2f   Thumb Code     2  stm32l0xx_hal_uart.o(i.HAL_UART_TxCpltCallback)
    HardFault_Handler                        0x08001a31   Thumb Code     2  stm32l0xx_it.o(i.HardFault_Handler)
    MX_FREERTOS_Init                         0x08001a35   Thumb Code    52  freertos.o(i.MX_FREERTOS_Init)
    MX_GPIO_Init                             0x08001a79   Thumb Code    62  gpio.o(i.MX_GPIO_Init)
    MX_RTC_Init                              0x08001abd   Thumb Code   140  rtc.o(i.MX_RTC_Init)
    MX_USART5_UART_Init                      0x08001b51   Thumb Code    48  usart.o(i.MX_USART5_UART_Init)
    NMI_Handler                              0x08001b89   Thumb Code     2  stm32l0xx_it.o(i.NMI_Handler)
    RTC_Bcd2ToByte                           0x08001bd1   Thumb Code    16  stm32l0xx_hal_rtc.o(i.RTC_Bcd2ToByte)
    RTC_ByteToBcd2                           0x08001be1   Thumb Code    24  stm32l0xx_hal_rtc.o(i.RTC_ByteToBcd2)
    RTC_EnterInitMode                        0x08001bf9   Thumb Code    56  stm32l0xx_hal_rtc.o(i.RTC_EnterInitMode)
    RTC_Get_UserTime                         0x08001c31   Thumb Code    82  rtc.o(i.RTC_Get_UserTime)
    RTC_IRQHandler                           0x08001cad   Thumb Code    54  stm32l0xx_it.o(i.RTC_IRQHandler)
    RTC_Process_Task                         0x08001cf9   Thumb Code    72  rtc.o(i.RTC_Process_Task)
    SVC_Handler                              0x08001d59   Thumb Code     2  port.o(i.SVC_Handler)
    StartDefaultTask                         0x08001d5b   Thumb Code     8  freertos.o(i.StartDefaultTask)
    SysTick_Handler                          0x08001d63   Thumb Code    20  stm32l0xx_it.o(i.SysTick_Handler)
    SystemClock_Config                       0x08001d79   Thumb Code   120  main.o(i.SystemClock_Config)
    SystemInit                               0x08001df9   Thumb Code    66  system_stm32l0xx.o(i.SystemInit)
    UART_AdvFeatureConfig                    0x08001e4d   Thumb Code   202  stm32l0xx_hal_uart.o(i.UART_AdvFeatureConfig)
    UART_CheckIdleState                      0x08001f19   Thumb Code    90  stm32l0xx_hal_uart.o(i.UART_CheckIdleState)
    UART_SetConfig                           0x08001fad   Thumb Code   518  stm32l0xx_hal_uart.o(i.UART_SetConfig)
    UART_WaitOnFlagUntilTimeout              0x080021e9   Thumb Code    98  stm32l0xx_hal_uart.o(i.UART_WaitOnFlagUntilTimeout)
    USART4_5_IRQHandler                      0x0800224d   Thumb Code   170  stm32l0xx_it.o(i.USART4_5_IRQHandler)
    __0printf                                0x08002309   Thumb Code    24  printfa.o(i.__0printf)
    __1printf                                0x08002309   Thumb Code     0  printfa.o(i.__0printf)
    __2printf                                0x08002309   Thumb Code     0  printfa.o(i.__0printf)
    __c89printf                              0x08002309   Thumb Code     0  printfa.o(i.__0printf)
    printf                                   0x08002309   Thumb Code     0  printfa.o(i.__0printf)
    __0sprintf                               0x08002329   Thumb Code    36  printfa.o(i.__0sprintf)
    __1sprintf                               0x08002329   Thumb Code     0  printfa.o(i.__0sprintf)
    __2sprintf                               0x08002329   Thumb Code     0  printfa.o(i.__0sprintf)
    __c89sprintf                             0x08002329   Thumb Code     0  printfa.o(i.__0sprintf)
    sprintf                                  0x08002329   Thumb Code     0  printfa.o(i.__0sprintf)
    __ARM_clz                                0x08002351   Thumb Code    46  depilogue.o(i.__ARM_clz)
    __ARM_common_switch8                     0x0800237f   Thumb Code    26  stm32l0xx_hal_dma.o(i.__ARM_common_switch8)
    __scatterload_copy                       0x08002399   Thumb Code    14  handlers.o(i.__scatterload_copy)
    __scatterload_null                       0x080023a7   Thumb Code     2  handlers.o(i.__scatterload_null)
    __scatterload_zeroinit                   0x080023a9   Thumb Code    14  handlers.o(i.__scatterload_zeroinit)
    fputc                                    0x08002c71   Thumb Code    20  usart.o(i.fputc)
    main                                     0x08002c89   Thumb Code    30  main.o(i.main)
    osDelay                                  0x08002cb3   Thumb Code    16  cmsis_os.o(i.osDelay)
    osKernelStart                            0x08002cc3   Thumb Code    10  cmsis_os.o(i.osKernelStart)
    osThreadCreate                           0x08002ccd   Thumb Code    88  cmsis_os.o(i.osThreadCreate)
    pvPortMalloc                             0x08003001   Thumb Code   172  heap_4.o(i.pvPortMalloc)
    pxPortInitialiseStack                    0x080030b1   Thumb Code    28  port.o(i.pxPortInitialiseStack)
    uxListRemove                             0x080030d1   Thumb Code    38  list.o(i.uxListRemove)
    vApplicationGetIdleTaskMemory            0x080030f9   Thumb Code    16  freertos.o(i.vApplicationGetIdleTaskMemory)
    vListInitialise                          0x0800310d   Thumb Code    22  list.o(i.vListInitialise)
    vListInitialiseItem                      0x08003123   Thumb Code     6  list.o(i.vListInitialiseItem)
    vListInsert                              0x08003129   Thumb Code    48  list.o(i.vListInsert)
    vListInsertEnd                           0x08003159   Thumb Code    24  list.o(i.vListInsertEnd)
    vPortEnterCritical                       0x08003171   Thumb Code    20  port.o(i.vPortEnterCritical)
    vPortExitCritical                        0x08003189   Thumb Code    22  port.o(i.vPortExitCritical)
    vPortFree                                0x080031a5   Thumb Code    62  heap_4.o(i.vPortFree)
    vPortYield                               0x080031e9   Thumb Code    18  port.o(i.vPortYield)
    vTaskDelay                               0x08003201   Thumb Code    44  tasks.o(i.vTaskDelay)
    vTaskStartScheduler                      0x08003231   Thumb Code    72  tasks.o(i.vTaskStartScheduler)
    vTaskSuspendAll                          0x08003289   Thumb Code    10  tasks.o(i.vTaskSuspendAll)
    vTaskSwitchContext                       0x08003299   Thumb Code    78  tasks.o(i.vTaskSwitchContext)
    xPortStartScheduler                      0x080032f1   Thumb Code    62  port.o(i.xPortStartScheduler)
    xPortSysTickHandler                      0x08003341   Thumb Code    32  port.o(i.xPortSysTickHandler)
    xQueueGenericCreate                      0x08003365   Thumb Code    60  queue.o(i.xQueueGenericCreate)
    xQueueGenericReset                       0x080033a1   Thumb Code   108  queue.o(i.xQueueGenericReset)
    xTaskCreate                              0x0800340d   Thumb Code    82  tasks.o(i.xTaskCreate)
    xTaskCreateStatic                        0x0800345f   Thumb Code    68  tasks.o(i.xTaskCreateStatic)
    xTaskGetSchedulerState                   0x080034a5   Thumb Code    26  tasks.o(i.xTaskGetSchedulerState)
    xTaskIncrementTick                       0x080034c5   Thumb Code   180  tasks.o(i.xTaskIncrementTick)
    xTaskRemoveFromEventList                 0x08003581   Thumb Code    90  tasks.o(i.xTaskRemoveFromEventList)
    xTaskResumeAll                           0x080035e5   Thumb Code   164  tasks.o(i.xTaskResumeAll)
    AHBPrescTable                            0x080036ac   Data          16  system_stm32l0xx.o(.constdata)
    PLLMulTable                              0x080036bc   Data           9  system_stm32l0xx.o(.constdata)
    APBPrescTable                            0x080036c5   Data           8  system_stm32l0xx.o(.constdata)
    Region$$Table$$Base                      0x080036dc   Number         0  anon$$obj.o(Region$$Table)
    Region$$Table$$Limit                     0x080036fc   Number         0  anon$$obj.o(Region$$Table)
    QueueRS232Tx                             0x20000000   Data           4  freertos.o(.data)
    defaultTaskHandle                        0x20000004   Data           4  freertos.o(.data)
    RTCCtrl                                  0x20000008   Data           8  rtc.o(.data)
    uwTick                                   0x20000014   Data           4  stm32l0xx_hal.o(.data)
    SystemCoreClock                          0x20000018   Data           4  system_stm32l0xx.o(.data)
    pxCurrentTCB                             0x2000001c   Data           4  tasks.o(.data)
    __stdout                                 0x20000074   Data           4  stdout.o(.data)
    hrtc                                     0x200002cc   Data          36  rtc.o(.bss)
    USARTData                                0x200002f0   Data        6184  usart.o(.bss)
    huart5                                   0x20001b18   Data         128  usart.o(.bss)
    __initial_sp                             0x20004888   Data           0  startup_stm32l073xx.o(STACK)



==============================================================================

Memory Map of the image

  Image Entry point : 0x080000c1

  Load Region LR_IROM1 (Base: 0x08000000, Size: 0x00003774, Max: 0x00030000, ABSOLUTE)

    Execution Region ER_IROM1 (Exec base: 0x08000000, Load base: 0x08000000, Size: 0x000036fc, Max: 0x00030000, ABSOLUTE)

    Exec Addr    Load Addr    Size         Type   Attr      Idx    E Section Name        Object

    0x08000000   0x08000000   0x000000c0   Data   RO            3    RESET               startup_stm32l073xx.o
    0x080000c0   0x080000c0   0x00000000   Code   RO         4133  * .ARM.Collect$$$$00000000  mc_p.l(entry.o)
    0x080000c0   0x080000c0   0x00000004   Code   RO         4417    .ARM.Collect$$$$00000001  mc_p.l(entry2.o)
    0x080000c4   0x080000c4   0x00000004   Code   RO         4420    .ARM.Collect$$$$00000004  mc_p.l(entry5.o)
    0x080000c8   0x080000c8   0x00000000   Code   RO         4422    .ARM.Collect$$$$00000008  mc_p.l(entry7b.o)
    0x080000c8   0x080000c8   0x00000000   Code   RO         4424    .ARM.Collect$$$$0000000A  mc_p.l(entry8b.o)
    0x080000c8   0x080000c8   0x00000008   Code   RO         4425    .ARM.Collect$$$$0000000B  mc_p.l(entry9a.o)
    0x080000d0   0x080000d0   0x00000000   Code   RO         4427    .ARM.Collect$$$$0000000D  mc_p.l(entry10a.o)
    0x080000d0   0x080000d0   0x00000000   Code   RO         4429    .ARM.Collect$$$$0000000F  mc_p.l(entry11a.o)
    0x080000d0   0x080000d0   0x00000004   Code   RO         4418    .ARM.Collect$$$$00002712  mc_p.l(entry2.o)
    0x080000d4   0x080000d4   0x00000078   Code   RO         4068    .emb_text           port.o
    0x0800014c   0x0800014c   0x0000001c   Code   RO            4    .text               startup_stm32l073xx.o
    0x08000168   0x08000168   0x0000002c   Code   RO         4136    .text               mc_p.l(uidiv.o)
    0x08000194   0x08000194   0x00000060   Code   RO         4138    .text               mc_p.l(uldiv.o)
    0x080001f4   0x080001f4   0x00000024   Code   RO         4140    .text               mc_p.l(memcpya.o)
    0x08000218   0x08000218   0x00000024   Code   RO         4144    .text               mc_p.l(memseta.o)
    0x0800023c   0x0800023c   0x00000014   Code   RO         4413    .text               mc_p.l(uread4.o)
    0x08000250   0x08000250   0x00000012   Code   RO         4415    .text               mc_p.l(uwrite4.o)
    0x08000262   0x08000262   0x00000020   Code   RO         4432    .text               mc_p.l(llshl.o)
    0x08000282   0x08000282   0x00000022   Code   RO         4434    .text               mc_p.l(llushr.o)
    0x080002a4   0x080002a4   0x00000000   Code   RO         4436    .text               mc_p.l(iusefp.o)
    0x080002a4   0x080002a4   0x00000164   Code   RO         4437    .text               mf_p.l(dadd.o)
    0x08000408   0x08000408   0x000000d0   Code   RO         4439    .text               mf_p.l(dmul.o)
    0x080004d8   0x080004d8   0x000000f0   Code   RO         4441    .text               mf_p.l(ddiv.o)
    0x080005c8   0x080005c8   0x00000040   Code   RO         4443    .text               mf_p.l(dfixul.o)
    0x08000608   0x08000608   0x00000028   Code   RO         4445    .text               mf_p.l(cdrcmple.o)
    0x08000630   0x08000630   0x00000024   Code   RO         4447    .text               mc_p.l(init.o)
    0x08000654   0x08000654   0x00000026   Code   RO         4449    .text               mc_p.l(llsshr.o)
    0x0800067a   0x0800067a   0x000000be   Code   RO         4451    .text               mf_p.l(depilogue.o)
    0x08000738   0x08000738   0x00000002   Code   RO           12    i.Error_Handler     main.o
    0x0800073a   0x0800073a   0x0000004c   Code   RO         1718    i.HAL_DMA_Abort_IT  stm32l0xx_hal_dma.o
    0x08000786   0x08000786   0x00000002   PAD
    0x08000788   0x08000788   0x00000184   Code   RO         1657    i.HAL_GPIO_Init     stm32l0xx_hal_gpio.o
    0x0800090c   0x0800090c   0x0000000c   Code   RO          489    i.HAL_GetTick       stm32l0xx_hal.o
    0x08000918   0x08000918   0x00000010   Code   RO          493    i.HAL_IncTick       stm32l0xx_hal.o
    0x08000928   0x08000928   0x00000028   Code   RO          494    i.HAL_Init          stm32l0xx_hal.o
    0x08000950   0x08000950   0x00000030   Code   RO          495    i.HAL_InitTick      stm32l0xx_hal.o
    0x08000980   0x08000980   0x00000024   Code   RO          456    i.HAL_MspInit       stm32l0xx_hal_msp.o
    0x080009a4   0x080009a4   0x00000014   Code   RO         1986    i.HAL_NVIC_EnableIRQ  stm32l0xx_hal_cortex.o
    0x080009b8   0x080009b8   0x00000008   Code   RO         1990    i.HAL_NVIC_SetPriority  stm32l0xx_hal_cortex.o
    0x080009c0   0x080009c0   0x00000010   Code   RO         1816    i.HAL_PWR_EnableBkUpAccess  stm32l0xx_hal_pwr.o
    0x080009d0   0x080009d0   0x000001ac   Code   RO         1277    i.HAL_RCCEx_PeriphCLKConfig  stm32l0xx_hal_rcc_ex.o
    0x08000b7c   0x08000b7c   0x0000016c   Code   RO         1168    i.HAL_RCC_ClockConfig  stm32l0xx_hal_rcc.o
    0x08000ce8   0x08000ce8   0x00000020   Code   RO         1174    i.HAL_RCC_GetPCLK1Freq  stm32l0xx_hal_rcc.o
    0x08000d08   0x08000d08   0x00000020   Code   RO         1175    i.HAL_RCC_GetPCLK2Freq  stm32l0xx_hal_rcc.o
    0x08000d28   0x08000d28   0x00000078   Code   RO         1176    i.HAL_RCC_GetSysClockFreq  stm32l0xx_hal_rcc.o
    0x08000da0   0x08000da0   0x00000496   Code   RO         1179    i.HAL_RCC_OscConfig  stm32l0xx_hal_rcc.o
    0x08001236   0x08001236   0x00000002   PAD
    0x08001238   0x08001238   0x000000f8   Code   RO         2253    i.HAL_RTCEx_SetWakeUpTimer_IT  stm32l0xx_hal_rtc_ex.o
    0x08001330   0x08001330   0x00000002   Code   RO         2259    i.HAL_RTCEx_WakeUpTimerEventCallback  stm32l0xx_hal_rtc_ex.o
    0x08001332   0x08001332   0x00000002   PAD
    0x08001334   0x08001334   0x00000038   Code   RO         2260    i.HAL_RTCEx_WakeUpTimerIRQHandler  stm32l0xx_hal_rtc_ex.o
    0x0800136c   0x0800136c   0x00000044   Code   RO         2098    i.HAL_RTC_GetDate   stm32l0xx_hal_rtc.o
    0x080013b0   0x080013b0   0x0000005c   Code   RO         2100    i.HAL_RTC_GetTime   stm32l0xx_hal_rtc.o
    0x0800140c   0x0800140c   0x000000bc   Code   RO         2101    i.HAL_RTC_Init      stm32l0xx_hal_rtc.o
    0x080014c8   0x080014c8   0x00000030   Code   RO          273    i.HAL_RTC_MspInit   rtc.o
    0x080014f8   0x080014f8   0x000000c4   Code   RO         2107    i.HAL_RTC_SetDate   stm32l0xx_hal_rtc.o
    0x080015bc   0x080015bc   0x000000e8   Code   RO         2108    i.HAL_RTC_SetTime   stm32l0xx_hal_rtc.o
    0x080016a4   0x080016a4   0x00000034   Code   RO         2109    i.HAL_RTC_WaitForSynchro  stm32l0xx_hal_rtc.o
    0x080016d8   0x080016d8   0x00000030   Code   RO         1994    i.HAL_SYSTICK_Config  stm32l0xx_hal_cortex.o
    0x08001708   0x08001708   0x00000002   Code   RO         2837    i.HAL_UARTEx_WakeupCallback  stm32l0xx_hal_uart_ex.o
    0x0800170a   0x0800170a   0x00000002   Code   RO         2500    i.HAL_UART_ErrorCallback  stm32l0xx_hal_uart.o
    0x0800170c   0x0800170c   0x0000013c   Code   RO         2503    i.HAL_UART_IRQHandler  stm32l0xx_hal_uart.o
    0x08001848   0x08001848   0x0000006a   Code   RO         2504    i.HAL_UART_Init     stm32l0xx_hal_uart.o
    0x080018b2   0x080018b2   0x00000002   PAD
    0x080018b4   0x080018b4   0x000000ac   Code   RO          364    i.HAL_UART_MspInit  usart.o
    0x08001960   0x08001960   0x000000ce   Code   RO         2512    i.HAL_UART_Transmit  stm32l0xx_hal_uart.o
    0x08001a2e   0x08001a2e   0x00000002   Code   RO         2515    i.HAL_UART_TxCpltCallback  stm32l0xx_hal_uart.o
    0x08001a30   0x08001a30   0x00000002   Code   RO          408    i.HardFault_Handler  stm32l0xx_it.o
    0x08001a32   0x08001a32   0x00000002   PAD
    0x08001a34   0x08001a34   0x00000044   Code   RO          223    i.MX_FREERTOS_Init  freertos.o
    0x08001a78   0x08001a78   0x00000044   Code   RO          203    i.MX_GPIO_Init      gpio.o
    0x08001abc   0x08001abc   0x00000094   Code   RO          274    i.MX_RTC_Init       rtc.o
    0x08001b50   0x08001b50   0x00000038   Code   RO          365    i.MX_USART5_UART_Init  usart.o
    0x08001b88   0x08001b88   0x00000002   Code   RO          409    i.NMI_Handler       stm32l0xx_it.o
    0x08001b8a   0x08001b8a   0x00000002   PAD
    0x08001b8c   0x08001b8c   0x00000044   Code   RO         1996    i.NVIC_SetPriority  stm32l0xx_hal_cortex.o
    0x08001bd0   0x08001bd0   0x00000010   Code   RO         2110    i.RTC_Bcd2ToByte    stm32l0xx_hal_rtc.o
    0x08001be0   0x08001be0   0x00000018   Code   RO         2111    i.RTC_ByteToBcd2    stm32l0xx_hal_rtc.o
    0x08001bf8   0x08001bf8   0x00000038   Code   RO         2112    i.RTC_EnterInitMode  stm32l0xx_hal_rtc.o
    0x08001c30   0x08001c30   0x0000007c   Code   RO          275    i.RTC_Get_UserTime  rtc.o
    0x08001cac   0x08001cac   0x0000004c   Code   RO          410    i.RTC_IRQHandler    stm32l0xx_it.o
    0x08001cf8   0x08001cf8   0x00000060   Code   RO          276    i.RTC_Process_Task  rtc.o
    0x08001d58   0x08001d58   0x00000002   Code   RO         4069    i.SVC_Handler       port.o
    0x08001d5a   0x08001d5a   0x00000008   Code   RO          224    i.StartDefaultTask  freertos.o
    0x08001d62   0x08001d62   0x00000014   Code   RO          411    i.SysTick_Handler   stm32l0xx_it.o
    0x08001d76   0x08001d76   0x00000002   PAD
    0x08001d78   0x08001d78   0x00000080   Code   RO           13    i.SystemClock_Config  main.o
    0x08001df8   0x08001df8   0x00000054   Code   RO         2893    i.SystemInit        system_stm32l0xx.o
    0x08001e4c   0x08001e4c   0x000000ca   Code   RO         2517    i.UART_AdvFeatureConfig  stm32l0xx_hal_uart.o
    0x08001f16   0x08001f16   0x00000002   PAD
    0x08001f18   0x08001f18   0x00000060   Code   RO         2518    i.UART_CheckIdleState  stm32l0xx_hal_uart.o
    0x08001f78   0x08001f78   0x00000014   Code   RO         2519    i.UART_DMAAbortOnError  stm32l0xx_hal_uart.o
    0x08001f8c   0x08001f8c   0x00000020   Code   RO         2529    i.UART_EndRxTransfer  stm32l0xx_hal_uart.o
    0x08001fac   0x08001fac   0x0000023c   Code   RO         2533    i.UART_SetConfig    stm32l0xx_hal_uart.o
    0x080021e8   0x080021e8   0x00000062   Code   RO         2536    i.UART_WaitOnFlagUntilTimeout  stm32l0xx_hal_uart.o
    0x0800224a   0x0800224a   0x00000002   PAD
    0x0800224c   0x0800224c   0x000000bc   Code   RO          412    i.USART4_5_IRQHandler  stm32l0xx_it.o
    0x08002308   0x08002308   0x00000020   Code   RO         4385    i.__0printf         mc_p.l(printfa.o)
    0x08002328   0x08002328   0x00000028   Code   RO         4387    i.__0sprintf        mc_p.l(printfa.o)
    0x08002350   0x08002350   0x0000002e   Code   RO         4453    i.__ARM_clz         mf_p.l(depilogue.o)
    0x0800237e   0x0800237e   0x0000001a   Code   RO         1802    i.__ARM_common_switch8  stm32l0xx_hal_dma.o
    0x08002398   0x08002398   0x0000000e   Code   RO         4457    i.__scatterload_copy  mc_p.l(handlers.o)
    0x080023a6   0x080023a6   0x00000002   Code   RO         4458    i.__scatterload_null  mc_p.l(handlers.o)
    0x080023a8   0x080023a8   0x0000000e   Code   RO         4459    i.__scatterload_zeroinit  mc_p.l(handlers.o)
    0x080023b6   0x080023b6   0x00000002   PAD
    0x080023b8   0x080023b8   0x00000174   Code   RO         4392    i._fp_digits        mc_p.l(printfa.o)
    0x0800252c   0x0800252c   0x000006ec   Code   RO         4393    i._printf_core      mc_p.l(printfa.o)
    0x08002c18   0x08002c18   0x00000020   Code   RO         4394    i._printf_post_padding  mc_p.l(printfa.o)
    0x08002c38   0x08002c38   0x0000002c   Code   RO         4395    i._printf_pre_padding  mc_p.l(printfa.o)
    0x08002c64   0x08002c64   0x0000000a   Code   RO         4397    i._sputc            mc_p.l(printfa.o)
    0x08002c6e   0x08002c6e   0x00000002   PAD
    0x08002c70   0x08002c70   0x00000018   Code   RO          366    i.fputc             usart.o
    0x08002c88   0x08002c88   0x0000001e   Code   RO           14    i.main              main.o
    0x08002ca6   0x08002ca6   0x0000000c   Code   RO         3670    i.makeFreeRtosPriority  cmsis_os.o
    0x08002cb2   0x08002cb2   0x00000010   Code   RO         3672    i.osDelay           cmsis_os.o
    0x08002cc2   0x08002cc2   0x0000000a   Code   RO         3675    i.osKernelStart     cmsis_os.o
    0x08002ccc   0x08002ccc   0x00000058   Code   RO         3709    i.osThreadCreate    cmsis_os.o
    0x08002d24   0x08002d24   0x00000058   Code   RO         3368    i.prvAddCurrentTaskToDelayedList  tasks.o
    0x08002d7c   0x08002d7c   0x000000b8   Code   RO         3369    i.prvAddNewTaskToReadyList  tasks.o
    0x08002e34   0x08002e34   0x00000026   Code   RO         3370    i.prvDeleteTCB      tasks.o
    0x08002e5a   0x08002e5a   0x00000002   PAD
    0x08002e5c   0x08002e5c   0x00000044   Code   RO         4019    i.prvHeapInit       heap_4.o
    0x08002ea0   0x08002ea0   0x00000048   Code   RO         3371    i.prvIdleTask       tasks.o
    0x08002ee8   0x08002ee8   0x0000001c   Code   RO         3056    i.prvInitialiseNewQueue  queue.o
    0x08002f04   0x08002f04   0x0000007c   Code   RO         3372    i.prvInitialiseNewTask  tasks.o
    0x08002f80   0x08002f80   0x0000004c   Code   RO         4020    i.prvInsertBlockIntoFreeList  heap_4.o
    0x08002fcc   0x08002fcc   0x00000020   Code   RO         3373    i.prvResetNextTaskUnblockTime  tasks.o
    0x08002fec   0x08002fec   0x00000014   Code   RO         4070    i.prvTaskExitError  port.o
    0x08003000   0x08003000   0x000000b0   Code   RO         4021    i.pvPortMalloc      heap_4.o
    0x080030b0   0x080030b0   0x00000020   Code   RO         4071    i.pxPortInitialiseStack  port.o
    0x080030d0   0x080030d0   0x00000026   Code   RO         3016    i.uxListRemove      list.o
    0x080030f6   0x080030f6   0x00000002   PAD
    0x080030f8   0x080030f8   0x00000014   Code   RO          225    i.vApplicationGetIdleTaskMemory  freertos.o
    0x0800310c   0x0800310c   0x00000016   Code   RO         3017    i.vListInitialise   list.o
    0x08003122   0x08003122   0x00000006   Code   RO         3018    i.vListInitialiseItem  list.o
    0x08003128   0x08003128   0x00000030   Code   RO         3019    i.vListInsert       list.o
    0x08003158   0x08003158   0x00000018   Code   RO         3020    i.vListInsertEnd    list.o
    0x08003170   0x08003170   0x00000018   Code   RO         4073    i.vPortEnterCritical  port.o
    0x08003188   0x08003188   0x0000001c   Code   RO         4074    i.vPortExitCritical  port.o
    0x080031a4   0x080031a4   0x00000044   Code   RO         4022    i.vPortFree         heap_4.o
    0x080031e8   0x080031e8   0x00000018   Code   RO         4075    i.vPortYield        port.o
    0x08003200   0x08003200   0x00000030   Code   RO         3381    i.vTaskDelay        tasks.o
    0x08003230   0x08003230   0x00000058   Code   RO         3394    i.vTaskStartScheduler  tasks.o
    0x08003288   0x08003288   0x00000010   Code   RO         3396    i.vTaskSuspendAll   tasks.o
    0x08003298   0x08003298   0x00000058   Code   RO         3397    i.vTaskSwitchContext  tasks.o
    0x080032f0   0x080032f0   0x00000050   Code   RO         4076    i.xPortStartScheduler  port.o
    0x08003340   0x08003340   0x00000024   Code   RO         4077    i.xPortSysTickHandler  port.o
    0x08003364   0x08003364   0x0000003c   Code   RO         3067    i.xQueueGenericCreate  queue.o
    0x080033a0   0x080033a0   0x0000006c   Code   RO         3069    i.xQueueGenericReset  queue.o
    0x0800340c   0x0800340c   0x00000052   Code   RO         3399    i.xTaskCreate       tasks.o
    0x0800345e   0x0800345e   0x00000044   Code   RO         3400    i.xTaskCreateStatic  tasks.o
    0x080034a2   0x080034a2   0x00000002   PAD
    0x080034a4   0x080034a4   0x00000020   Code   RO         3404    i.xTaskGetSchedulerState  tasks.o
    0x080034c4   0x080034c4   0x000000bc   Code   RO         3407    i.xTaskIncrementTick  tasks.o
    0x08003580   0x08003580   0x00000064   Code   RO         3412    i.xTaskRemoveFromEventList  tasks.o
    0x080035e4   0x080035e4   0x000000ac   Code   RO         3413    i.xTaskResumeAll    tasks.o
    0x08003690   0x08003690   0x0000001c   Data   RO          227    .constdata          freertos.o
    0x080036ac   0x080036ac   0x00000019   Data   RO         2894    .constdata          system_stm32l0xx.o
    0x080036c5   0x080036c5   0x00000008   Data   RO         2895    .constdata          system_stm32l0xx.o
    0x080036cd   0x080036cd   0x00000003   PAD
    0x080036d0   0x080036d0   0x0000000c   Data   RO          228    .conststring        freertos.o
    0x080036dc   0x080036dc   0x00000020   Data   RO         4455    Region$$Table       anon$$obj.o


    Execution Region RW_IRAM1 (Exec base: 0x20000000, Load base: 0x080036fc, Size: 0x00004888, Max: 0x00005000, ABSOLUTE)

    Exec Addr    Load Addr    Size         Type   Attr      Idx    E Section Name        Object

    0x20000000   0x080036fc   0x00000008   Data   RW          229    .data               freertos.o
    0x20000008   0x08003704   0x00000008   Data   RW          279    .data               rtc.o
    0x20000010   0x0800370c   0x00000001   Data   RW          413    .data               stm32l0xx_it.o
    0x20000011   0x0800370d   0x00000003   PAD
    0x20000014   0x08003710   0x00000004   Data   RW          504    .data               stm32l0xx_hal.o
    0x20000018   0x08003714   0x00000004   Data   RW         2896    .data               system_stm32l0xx.o
    0x2000001c   0x08003718   0x0000003c   Data   RW         3416    .data               tasks.o
    0x20000058   0x08003754   0x00000018   Data   RW         4027    .data               heap_4.o
    0x20000070   0x0800376c   0x00000004   Data   RW         4078    .data               port.o
    0x20000074   0x08003770   0x00000004   Data   RW         4431    .data               mc_p.l(stdout.o)
    0x20000078        -       0x00000254   Zero   RW          226    .bss                freertos.o
    0x200002cc        -       0x00000024   Zero   RW          278    .bss                rtc.o
    0x200002f0        -       0x00001828   Zero   RW          367    .bss                usart.o
    0x20001b18        -       0x00000080   Zero   RW          368    .bss                usart.o
    0x20001b98        -       0x000000f0   Zero   RW         3415    .bss                tasks.o
    0x20001c88        -       0x00002800   Zero   RW         4026    .bss                heap_4.o
    0x20004488        -       0x00000400   Zero   RW            1    STACK               startup_stm32l073xx.o


==============================================================================

Image component sizes


      Code (inc. data)   RO Data    RW Data    ZI Data      Debug   Object Name

       126          0          0          0          0       8309   cmsis_os.o
         0          0          0          0          0      10260   event_groups.o
        96         20         40          8        596       2451   freertos.o
        68          6          0          0          0        823   gpio.o
       388         22          0         24      10240       4199   heap_4.o
       138          0          0          0          0       3382   list.o
       160          8          0          0          0     420544   main.o
       366         58          0          4          0       6928   port.o
       196          0          0          0          0       4511   queue.o
       416         82          0          8         36       3237   rtc.o
        28          8        192          0       1024        632   startup_stm32l073xx.o
       116         20          0          4          0       3167   stm32l0xx_hal.o
       144         24          0          0          0      10637   stm32l0xx_hal_cortex.o
       102          0          0          0          0       1131   stm32l0xx_hal_dma.o
       388         32          0          0          0       1744   stm32l0xx_hal_gpio.o
        36          4          0          0          0        454   stm32l0xx_hal_msp.o
        16          4          0          0          0        511   stm32l0xx_hal_pwr.o
      1722         94          0          0          0       5680   stm32l0xx_hal_rcc.o
       428         12          0          0          0       1512   stm32l0xx_hal_rcc_ex.o
       924         18          0          0          0       7204   stm32l0xx_hal_rtc.o
       306         18          0          0          0       3209   stm32l0xx_hal_rtc_ex.o
      1652         90          0          0          0       9822   stm32l0xx_hal_uart.o
         2          0          0          0          0        984   stm32l0xx_hal_uart_ex.o
       288         40          0          1          0       2407   stm32l0xx_it.o
         0          0          0          0          0       9180   stream_buffer.o
        84         18         33          4          0       1211   system_stm32l0xx.o
      1420         98          0         60        240      16422   tasks.o
       252         34          0          0       6312       2960   usart.o

    ----------------------------------------------------------------------
      9886        710        300        116      18448     543511   Object Totals
         0          0         32          0          0          0   (incl. Generated)
        24          0          3          3          0          0   (incl. Padding)

    ----------------------------------------------------------------------

      Code (inc. data)   RO Data    RW Data    ZI Data      Debug   Library Member Name

         0          0          0          0          0          0   entry.o
         0          0          0          0          0          0   entry10a.o
         0          0          0          0          0          0   entry11a.o
         8          4          0          0          0          0   entry2.o
         4          0          0          0          0          0   entry5.o
         0          0          0          0          0          0   entry7b.o
         0          0          0          0          0          0   entry8b.o
         8          4          0          0          0          0   entry9a.o
        30          0          0          0          0          0   handlers.o
        36          8          0          0          0         68   init.o
         0          0          0          0          0          0   iusefp.o
        32          0          0          0          0         68   llshl.o
        38          0          0          0          0         68   llsshr.o
        34          0          0          0          0         68   llushr.o
        36          0          0          0          0         60   memcpya.o
        36          0          0          0          0        100   memseta.o
      2302        102          0          0          0        556   printfa.o
         0          0          0          4          0          0   stdout.o
        44          0          0          0          0         72   uidiv.o
        96          0          0          0          0         84   uldiv.o
        20          0          0          0          0         60   uread4.o
        18          0          0          0          0         60   uwrite4.o
        40          2          0          0          0         68   cdrcmple.o
       356          4          0          0          0        140   dadd.o
       240          6          0          0          0         84   ddiv.o
       236          0          0          0          0        216   depilogue.o
        64         10          0          0          0         68   dfixul.o
       208          6          0          0          0         88   dmul.o

    ----------------------------------------------------------------------
      3890        146          0          4          0       1928   Library Totals
         4          0          0          0          0          0   (incl. Padding)

    ----------------------------------------------------------------------

      Code (inc. data)   RO Data    RW Data    ZI Data      Debug   Library Name

      2742        118          0          4          0       1264   mc_p.l
      1144         28          0          0          0        664   mf_p.l

    ----------------------------------------------------------------------
      3890        146          0          4          0       1928   Library Totals

    ----------------------------------------------------------------------

==============================================================================


      Code (inc. data)   RO Data    RW Data    ZI Data      Debug   

     13776        856        300        120      18448     540163   Grand Totals
     13776        856        300        120      18448     540163   ELF Image Totals
     13776        856        300        120          0          0   ROM Totals

==============================================================================

    Total RO  Size (Code + RO Data)                14076 (  13.75kB)
    Total RW  Size (RW Data + ZI Data)             18568 (  18.13kB)
    Total ROM Size (Code + RO Data + RW Data)      14196 (  13.86kB)

==============================================================================

